Microchip MPLAB XC8 Compiler V1.45 ()

Linker command line:

-W-3 --edf=C:\Program Files (x86)\Microchip\xc8\v1.45\dat\en_msgs.txt -cs \
  -h+dist/default/production\Acelerometro.X.production.sym \
  --cmf=dist/default/production\Acelerometro.X.production.cmf -z -Q18F4550 \
  -oC:\Users\USER_I~1\AppData\Local\Temp\s66g.2 \
  -Mdist/default/production/Acelerometro.X.production.map -E1 -ver=XC8 \
  -ASTACK=098h-07ffh -pstack=STACK -ACODE=00h-07FFFh -ACONST=00h-07FFFh \
  -ASMALLCONST=0800h-08FFhx120 -AMEDIUMCONST=0800h-07FFFh -ACOMRAM=01h-05Fh \
  -AABS1=00h-07FFh -ABIGRAM=01h-07FFh -ARAM=060h-0FFh,0100h-01FFhx7 \
  -ABANK0=060h-0FFh -ABANK1=0100h-01FFh -ABANK2=0200h-02FFh \
  -ABANK3=0300h-03FFh -ABANK4=0400h-04FFh -ABANK5=0500h-05FFh \
  -ABANK6=0600h-06FFh -ABANK7=0700h-07FFh -ASFR=0F60h-0FFFh \
  -preset_vec=00h,intcode,intcodelo,powerup,init -pramtop=0800h \
  -psmallconst=SMALLCONST -pmediumconst=MEDIUMCONST -pconst=CONST \
  -AFARRAM=00h-00h -ACONFIG=0300000h-030000Dh -pconfig=CONFIG \
  -AIDLOC=0200000h-0200007h -pidloc=IDLOC -AEEDATA=0F00000h-0F000FFh \
  -peeprom_data=EEDATA \
  -prdata=COMRAM,nvrram=COMRAM,nvbit=COMRAM,rbss=COMRAM,rbit=COMRAM \
  -pfarbss=FARRAM,fardata=FARRAM,nvFARRAM=FARRAM \
  -pintsave_regs=BIGRAM,bigbss=BIGRAM,bigdata=BIGRAM -pbss=RAM \
  -pidata=CODE,irdata=CODE,ibigdata=CODE,ifardata=CODE -prparam=COMRAM \
  C:\Users\USER_I~1\AppData\Local\Temp\s66g.obj \
  dist/default/production\Acelerometro.X.production.obj 

Object code version is 3.11

Machine type is 18F4550

Call graph: (short form)




                Name                               Link     Load   Length Selector   Space Scale
C:\Users\USER_I~1\AppData\Local\Temp\s66g.obj
                init                                  0        0        4        0       0
                idloc                            200000   200000        8   200000       0
                config                           300000   300000        E   300000       0
dist/default/production\Acelerometro.X.production.obj
                smallconst                          800      800       2C      400       0
                text37                             1A98     1A98       1A      416       0
                text36                             1B38     1B38        A      416       0
                text35                             1B2E     1B2E        A      416       0
                text34                             1B4A     1B4A        8      416       0
                text33                             1A38     1A38       24      416       0
                text32                             1B18     1B18        C      416       0
                text31                             1ADE     1ADE       16      416       0
                text30                             1A7A     1A7A       1E      416       0
                text29                             1950     1950       34      416       0
                text28                             16C8     16C8       7C      416       0
                text27                             1AC8     1AC8       16      416       0
                text26                             1AF4     1AF4       14      416       0
                text25                             1462     1462       AE      416       0
                text24                             137C     137C       E6      416       0
                text23                             1B42     1B42        8      416       0
                text22                             1810     1810       52      416       0
                text21                             18DE     18DE       3A      416       0
                text20                             18A0     18A0       3E      416       0
                text19                             1A5C     1A5C       1E      416       0
                text18                             1862     1862       3E      416       0
                text17                             19E6     19E6       2E      416       0
                text16                             1644     1644       84      416       0
                text15                             1744     1744       70      416       0
                text14                             1918     1918       38      416       0
                text13                              F00      F00      1AC      416       0
                text12                             15B4     15B4       90      416       0
                text11                             11A0     11A0       F4      416       0
                text10                             1A14     1A14       24      416       0
                text9                              10AC     10AC       F4      416       0
                text8                               C54      C54      2AC      416       0
                text7                              1294     1294       E8      416       0
                text6                              1AB2     1AB2       16      416       0
                text5                              1B08     1B08       10      416       0
                text4                              1510     1510       A4      416       0
                text3                              1984     1984       32      416       0
                text2                              17B4     17B4       5C      416       0
                text1                              19B6     19B6       30      416       0
                text0                               82C      82C      428      416       0
                cstackCOMRAM                          1        1       5D        1       1
                cstackBANK0                          60       60       38       60       1
                cinit                              1B24     1B24        A      416       0

TOTAL           Name                               Link     Load   Length     Space
        CLASS   STACK          

        CLASS   CODE           
                init                                  0        0        4         0
                text37                             1A98     1A98       1A         0
                text36                             1B38     1B38        A         0
                text35                             1B2E     1B2E        A         0
                text34                             1B4A     1B4A        8         0
                text33                             1A38     1A38       24         0
                text32                             1B18     1B18        C         0
                text31                             1ADE     1ADE       16         0
                text30                             1A7A     1A7A       1E         0
                text29                             1950     1950       34         0
                text28                             16C8     16C8       7C         0
                text27                             1AC8     1AC8       16         0
                text26                             1AF4     1AF4       14         0
                text25                             1462     1462       AE         0
                text24                             137C     137C       E6         0
                text23                             1B42     1B42        8         0
                text22                             1810     1810       52         0
                text21                             18DE     18DE       3A         0
                text20                             18A0     18A0       3E         0
                text19                             1A5C     1A5C       1E         0
                text18                             1862     1862       3E         0
                text17                             19E6     19E6       2E         0
                text16                             1644     1644       84         0
                text15                             1744     1744       70         0
                text14                             1918     1918       38         0
                text13                              F00      F00      1AC         0
                text12                             15B4     15B4       90         0
                text11                             11A0     11A0       F4         0
                text10                             1A14     1A14       24         0
                text9                              10AC     10AC       F4         0
                text8                               C54      C54      2AC         0
                text7                              1294     1294       E8         0
                text6                              1AB2     1AB2       16         0
                text5                              1B08     1B08       10         0
                text4                              1510     1510       A4         0
                text3                              1984     1984       32         0
                text2                              17B4     17B4       5C         0
                text1                              19B6     19B6       30         0
                text0                               82C      82C      428         0
                cinit                              1B24     1B24        A         0

        CLASS   CONST          

        CLASS   SMALLCONST     
                smallconst                          800      800       2C         0

        CLASS   MEDIUMCONST    

        CLASS   COMRAM         
                cstackCOMRAM                          1        1       5D         1

        CLASS   ABS1           

        CLASS   BIGRAM         

        CLASS   RAM            

        CLASS   BANK0          
                cstackBANK0                          60       60       38         1

        CLASS   BANK1          

        CLASS   BANK2          

        CLASS   BANK3          

        CLASS   BANK4          

        CLASS   BANK5          

        CLASS   BANK6          

        CLASS   BANK7          

        CLASS   SFR            

        CLASS   FARRAM         

        CLASS   CONFIG         
                config                           300000   300000        E         0

        CLASS   IDLOC          
                idloc                            200000   200000        8         0

        CLASS   EEDATA         



SEGMENTS        Name                           Load    Length   Top    Selector   Space  Class

                reset_vec                      000000  000004  000004         0       0  CODE    
                cstackCOMRAM                   000001  00005D  00005E         1       1  COMRAM  
                cstackBANK0                    000060  000038  000098        60       1  BANK0   
                smallconst                     000800  00002C  00082C       400       0  SMALLCON
                text0                          00082C  001326  001B52       416       0  CODE    
                idloc                          200000  000008  200008    200000       0  IDLOC   
                config                         300000  00000E  30000E    300000       0  CONFIG  


UNUSED ADDRESS RANGES

        Name                Unused          Largest block    Delta
        BANK0            000098-0000FF               68
        BANK1            000100-0001FF              100
        BANK2            000200-0002FF              100
        BANK3            000300-0003FF              100
        BANK4            000400-0004FF              100
        BANK5            000500-0005FF              100
        BANK6            000600-0006FF              100
        BANK7            000700-0007FF              100
        BIGRAM           00005E-00005F                2
                         000098-0007FF              768
        CODE             000004-0007FF              7FC
                         001B52-007FFF             64AE
        COMRAM           00005E-00005F                2
        CONST            000004-0007FF              7FC
                         001B52-007FFF             64AE
        EEDATA           F00000-F000FF              100
        MEDIUMCONST      001B52-007FFF             64AE
        RAM              000098-0007FF              100
        SFR              000F60-000FFF               A0
        SMALLCONST       001B52-007FFF              100
        STACK            000098-0007FF              768

                                  Symbol Table

?___awdiv                             cstackCOMRAM 000001
?___awmod                             cstackCOMRAM 000010
?___awtoft                            cstackCOMRAM 000009
?___ftadd                             cstackCOMRAM 00001C
?___ftdiv                             cstackCOMRAM 00000D
?___ftmul                             cstackCOMRAM 000009
?___ftneg                             cstackCOMRAM 00000D
?___ftpack                            cstackCOMRAM 000001
?___fttol                             cstackCOMRAM 000001
Delay10KTCYx@unit                     cstackCOMRAM 000002
I2C_Read@buffer                       cstackCOMRAM 000002
I2C_Read@flag                         cstackCOMRAM 000001
I2C_Repeated_Start@slave_read_address cstackCOMRAM 000002
I2C_Start_Wait@slave_write_address    cstackCOMRAM 000002
I2C_Write@data                        cstackCOMRAM 000001
Mydelay@i                             cstackCOMRAM 000004
Mydelay@tempo                         cstackCOMRAM 000001
OpenXLCD@lcdtype                      cstackCOMRAM 000005
SetDDRamAddr@DDaddr                   cstackCOMRAM 000004
WriteCmdXLCD@cmd                      cstackCOMRAM 000001
WriteDataXLCD@data                    cstackCOMRAM 000001
_ACKDT                                (abs)        007E2D
_ACKEN                                (abs)        007E2C
_ACKSTAT                              (abs)        007E2E
_BusyXLCD                             text21       0018DE
_Delay10KTCYx                         text6        001AB2
_DelayFor18TCY                        text23       001B42
_DelayPORXLCD                         text5        001B08
_I2C_Ack                              text36       001B38
_I2C_Init                             text37       001A98
_I2C_Nack                             text35       001B2E
_I2C_Read                             text33       001A38
_I2C_Ready                            text34       001B4A
_I2C_Repeated_Start                   text27       001AC8
_I2C_Start_Wait                       text30       001A7A
_I2C_Stop                             text32       001B18
_I2C_Write                            text31       001ADE
_LATDbits                             (abs)        000F8C
_MPU6050_Init                         text28       0016C8
_MPU_Start_Loc                        text26       001AF4
_Mydelay                              text29       001950
_OpenXLCD                             text4        001510
_PEN                                  (abs)        007E2A
_PORTCbits                            (abs)        000F82
_PORTD                                (abs)        000F83
_RCEN                                 (abs)        007E2B
_RSEN                                 (abs)        007E29
_SSPADD                               (abs)        000FC8
_SSPBUF                               (abs)        000FC9
_SSPCON1                              (abs)        000FC6
_SSPCON2                              (abs)        000FC5
_SSPCON2bits                          (abs)        000FC5
_SSPIE                                (abs)        007CEB
_SSPIF                                (abs)        007CF3
_SSPSTAT                              (abs)        000FC7
_SSPSTATbits                          (abs)        000FC7
_SetDDRamAddr                         text22       001810
_TRISB0                               (abs)        007C98
_TRISB1                               (abs)        007C99
_TRISC                                (abs)        000F94
_TRISD                                (abs)        000F95
_TRISDbits                            (abs)        000F95
_WriteCmdXLCD                         text20       0018A0
_WriteDataXLCD                        text18       001862
__CFG_BOR$OFF                         (abs)        000000
__CFG_BORV$3                          (abs)        000000
__CFG_CCP2MX$ON                       (abs)        000000
__CFG_CP0$OFF                         (abs)        000000
__CFG_CP1$OFF                         (abs)        000000
__CFG_CP2$OFF                         (abs)        000000
__CFG_CP3$OFF                         (abs)        000000
__CFG_CPB$OFF                         (abs)        000000
__CFG_CPD$OFF                         (abs)        000000
__CFG_CPUDIV$OSC1_PLL2                (abs)        000000
__CFG_EBTR0$OFF                       (abs)        000000
__CFG_EBTR1$OFF                       (abs)        000000
__CFG_EBTR2$OFF                       (abs)        000000
__CFG_EBTR3$OFF                       (abs)        000000
__CFG_EBTRB$OFF                       (abs)        000000
__CFG_FCMEN$OFF                       (abs)        000000
__CFG_FOSC$HS                         (abs)        000000
__CFG_ICPRT$OFF                       (abs)        000000
__CFG_IESO$OFF                        (abs)        000000
__CFG_LPT1OSC$OFF                     (abs)        000000
__CFG_LVP$OFF                         (abs)        000000
__CFG_MCLRE$OFF                       (abs)        000000
__CFG_PBADEN$OFF                      (abs)        000000
__CFG_PLLDIV$1                        (abs)        000000
__CFG_PWRT$OFF                        (abs)        000000
__CFG_STVREN$ON                       (abs)        000000
__CFG_USBDIV$1                        (abs)        000000
__CFG_VREGEN$OFF                      (abs)        000000
__CFG_WDT$OFF                         (abs)        000000
__CFG_WDTPS$32768                     (abs)        000000
__CFG_WRT0$OFF                        (abs)        000000
__CFG_WRT1$OFF                        (abs)        000000
__CFG_WRT2$OFF                        (abs)        000000
__CFG_WRT3$OFF                        (abs)        000000
__CFG_WRTB$OFF                        (abs)        000000
__CFG_WRTC$OFF                        (abs)        000000
__CFG_WRTD$OFF                        (abs)        000000
__CFG_XINST$OFF                       (abs)        000000
__HRAM                                (abs)        000000
__Habs1                               abs1         000000
__Hbank0                              bank0        000000
__Hbank1                              bank1        000000
__Hbank2                              bank2        000000
__Hbank3                              bank3        000000
__Hbank4                              bank4        000000
__Hbank5                              bank5        000000
__Hbank6                              bank6        000000
__Hbank7                              bank7        000000
__Hbigbss                             bigbss       000000
__Hbigdata                            bigdata      000000
__Hbigram                             bigram       000000
__Hbss                                bss          000000
__Hcinit                              cinit        000000
__Hclrtext                            clrtext      000000
__Hcomram                             comram       000000
__Hconfig                             config       30000E
__Hconst                              const        000000
__HcstackBANK0                        cstackBANK0  000000
__HcstackCOMRAM                       cstackCOMRAM 000000
__Hdata                               data         000000
__Heeprom_data                        eeprom_data  000000
__Hfarbss                             farbss       000000
__Hfardata                            fardata      000000
__Hibigdata                           ibigdata     000000
__Hidata                              idata        000000
__Hidloc                              idloc        200008
__Hifardata                           ifardata     000000
__Hinit                               init         000004
__Hintcode                            intcode      000000
__Hintcode_body                       intcode_body 000000
__Hintcodelo                          intcodelo    000000
__Hintentry                           intentry     000000
__Hintret                             intret       000000
__Hintsave_regs                       intsave_regs 000000
__Hirdata                             irdata       000000
__Hmediumconst                        mediumconst  000000
__HnvFARRAM                           nvFARRAM     000000
__Hnvbit                              nvbit        000000
__Hnvrram                             nvrram       000000
__Hparam                              rparam       000000
__Hpowerup                            powerup      000000
__Hram                                ram          000000
__Hramtop                             ramtop       000800
__Hrbit                               rbit         000000
__Hrbss                               rbss         000000
__Hrdata                              rdata        000000
__Hreset_vec                          reset_vec    000000
__Hrparam                             rparam       000000
__Hsfr                                sfr          000000
__Hsmallconst                         smallconst   00082C
__Hspace_0                            (abs)        30000E
__Hspace_1                            (abs)        000098
__Hspace_2                            (abs)        000000
__Hstack                              stack        000000
__Hstruct                             struct       000000
__Htemp                               temp         000000
__Htext                               text         000000
__Htext0                              text0        000000
__Htext1                              text1        000000
__Htext10                             text10       000000
__Htext11                             text11       000000
__Htext12                             text12       000000
__Htext13                             text13       000000
__Htext14                             text14       000000
__Htext15                             text15       000000
__Htext16                             text16       000000
__Htext17                             text17       000000
__Htext18                             text18       000000
__Htext19                             text19       000000
__Htext2                              text2        000000
__Htext20                             text20       000000
__Htext21                             text21       000000
__Htext22                             text22       000000
__Htext23                             text23       000000
__Htext24                             text24       000000
__Htext25                             text25       000000
__Htext26                             text26       000000
__Htext27                             text27       000000
__Htext28                             text28       000000
__Htext29                             text29       000000
__Htext3                              text3        000000
__Htext30                             text30       000000
__Htext31                             text31       000000
__Htext32                             text32       000000
__Htext33                             text33       000000
__Htext34                             text34       000000
__Htext35                             text35       000000
__Htext36                             text36       000000
__Htext37                             text37       000000
__Htext4                              text4        000000
__Htext5                              text5        000000
__Htext6                              text6        000000
__Htext7                              text7        000000
__Htext8                              text8        000000
__Htext9                              text9        000000
__LRAM                                (abs)        000001
__Labs1                               abs1         000000
__Lbank0                              bank0        000000
__Lbank1                              bank1        000000
__Lbank2                              bank2        000000
__Lbank3                              bank3        000000
__Lbank4                              bank4        000000
__Lbank5                              bank5        000000
__Lbank6                              bank6        000000
__Lbank7                              bank7        000000
__Lbigbss                             bigbss       000000
__Lbigdata                            bigdata      000000
__Lbigram                             bigram       000000
__Lbss                                bss          000000
__Lcinit                              cinit        000000
__Lclrtext                            clrtext      000000
__Lcomram                             comram       000000
__Lconfig                             config       300000
__Lconst                              const        000000
__LcstackBANK0                        cstackBANK0  000000
__LcstackCOMRAM                       cstackCOMRAM 000000
__Ldata                               data         000000
__Leeprom_data                        eeprom_data  000000
__Lfarbss                             farbss       000000
__Lfardata                            fardata      000000
__Libigdata                           ibigdata     000000
__Lidata                              idata        000000
__Lidloc                              idloc        200000
__Lifardata                           ifardata     000000
__Linit                               init         000000
__Lintcode                            intcode      000000
__Lintcode_body                       intcode_body 000000
__Lintcodelo                          intcodelo    000000
__Lintentry                           intentry     000000
__Lintret                             intret       000000
__Lintsave_regs                       intsave_regs 000000
__Lirdata                             irdata       000000
__Lmediumconst                        mediumconst  000000
__LnvFARRAM                           nvFARRAM     000000
__Lnvbit                              nvbit        000000
__Lnvrram                             nvrram       000000
__Lparam                              rparam       000000
__Lpowerup                            powerup      000000
__Lram                                ram          000000
__Lramtop                             ramtop       000800
__Lrbit                               rbit         000000
__Lrbss                               rbss         000000
__Lrdata                              rdata        000000
__Lreset_vec                          reset_vec    000000
__Lrparam                             rparam       000000
__Lsfr                                sfr          000000
__Lsmallconst                         smallconst   000800
__Lspace_0                            (abs)        000000
__Lspace_1                            (abs)        000000
__Lspace_2                            (abs)        000000
__Lstack                              stack        000000
__Lstruct                             struct       000000
__Ltemp                               temp         000000
__Ltext                               text         000000
__Ltext0                              text0        000000
__Ltext1                              text1        000000
__Ltext10                             text10       000000
__Ltext11                             text11       000000
__Ltext12                             text12       000000
__Ltext13                             text13       000000
__Ltext14                             text14       000000
__Ltext15                             text15       000000
__Ltext16                             text16       000000
__Ltext17                             text17       000000
__Ltext18                             text18       000000
__Ltext19                             text19       000000
__Ltext2                              text2        000000
__Ltext20                             text20       000000
__Ltext21                             text21       000000
__Ltext22                             text22       000000
__Ltext23                             text23       000000
__Ltext24                             text24       000000
__Ltext25                             text25       000000
__Ltext26                             text26       000000
__Ltext27                             text27       000000
__Ltext28                             text28       000000
__Ltext29                             text29       000000
__Ltext3                              text3        000000
__Ltext30                             text30       000000
__Ltext31                             text31       000000
__Ltext32                             text32       000000
__Ltext33                             text33       000000
__Ltext34                             text34       000000
__Ltext35                             text35       000000
__Ltext36                             text36       000000
__Ltext37                             text37       000000
__Ltext4                              text4        000000
__Ltext5                              text5        000000
__Ltext6                              text6        000000
__Ltext7                              text7        000000
__Ltext8                              text8        000000
__Ltext9                              text9        000000
__S0                                  (abs)        30000E
__S1                                  (abs)        000098
__S2                                  (abs)        000000
___awdiv                              text16       001644
___awdiv@counter                      cstackCOMRAM 000005
___awdiv@dividend                     cstackCOMRAM 000001
___awdiv@divisor                      cstackCOMRAM 000003
___awdiv@quotient                     cstackCOMRAM 000007
___awdiv@sign                         cstackCOMRAM 000006
___awmod                              text15       001744
___awmod@counter                      cstackCOMRAM 000014
___awmod@dividend                     cstackCOMRAM 000010
___awmod@divisor                      cstackCOMRAM 000012
___awmod@sign                         cstackCOMRAM 000015
___awtoft                             text14       001918
___awtoft@c                           cstackCOMRAM 000009
___awtoft@sign                        cstackCOMRAM 00000C
___ftadd                              text13       000F00
___ftadd@exp1                         cstackCOMRAM 000027
___ftadd@exp2                         cstackCOMRAM 000026
___ftadd@f1                           cstackCOMRAM 00001C
___ftadd@f2                           cstackCOMRAM 00001F
___ftadd@sign                         cstackCOMRAM 000025
___ftdiv                              text24       00137C
___ftdiv@cntr                         cstackCOMRAM 000016
___ftdiv@exp                          cstackCOMRAM 00001A
___ftdiv@f1                           cstackCOMRAM 00000D
___ftdiv@f2                           cstackCOMRAM 000010
___ftdiv@f3                           cstackCOMRAM 000017
___ftdiv@sign                         cstackCOMRAM 00001B
___ftge                               text12       0015B4
___ftge@ff1                           cstackCOMRAM 000001
___ftge@ff2                           cstackCOMRAM 000004
___ftmul                              text11       0011A0
___ftmul@cntr                         cstackCOMRAM 000016
___ftmul@exp                          cstackCOMRAM 000012
___ftmul@f1                           cstackCOMRAM 000009
___ftmul@f2                           cstackCOMRAM 00000C
___ftmul@f3_as_product                cstackCOMRAM 000013
___ftmul@sign                         cstackCOMRAM 000017
___ftneg                              text10       001A14
___ftneg@f1                           cstackCOMRAM 00000D
___ftpack                             text25       001462
___ftpack@arg                         cstackCOMRAM 000001
___ftpack@exp                         cstackCOMRAM 000004
___ftpack@sign                        cstackCOMRAM 000005
___fttol                              text9        0010AC
___fttol@exp1                         cstackCOMRAM 00000F
___fttol@f1                           cstackCOMRAM 000001
___fttol@lval                         cstackCOMRAM 00000B
___fttol@sign1                        cstackCOMRAM 00000A
___inthi_sp                           stack        000000
___intlo_sp                           stack        000000
___param_bank                         (abs)        000000
___rparam_used                        (abs)        000001
___sp                                 stack        000000
__accesstop                           (abs)        000060
__activetblptr                        (abs)        000002
__end_of_BusyXLCD                     text21       001918
__end_of_Delay10KTCYx                 text6        001AC8
__end_of_DelayFor18TCY                text23       001B4A
__end_of_DelayPORXLCD                 text5        001B18
__end_of_I2C_Ack                      text36       001B42
__end_of_I2C_Init                     text37       001AB2
__end_of_I2C_Nack                     text35       001B38
__end_of_I2C_Read                     text33       001A5C
__end_of_I2C_Ready                    text34       001B52
__end_of_I2C_Repeated_Start           text27       001ADE
__end_of_I2C_Start_Wait               text30       001A98
__end_of_I2C_Stop                     text32       001B24
__end_of_I2C_Write                    text31       001AF4
__end_of_MPU6050_Init                 text28       001744
__end_of_MPU_Start_Loc                text26       001B08
__end_of_Mydelay                      text29       001984
__end_of_OpenXLCD                     text4        0015B4
__end_of_SetDDRamAddr                 text22       001862
__end_of_WriteCmdXLCD                 text20       0018DE
__end_of_WriteDataXLCD                text18       0018A0
__end_of___awdiv                      text16       0016C8
__end_of___awmod                      text15       0017B4
__end_of___awtoft                     text14       001950
__end_of___ftadd                      text13       0010AC
__end_of___ftdiv                      text24       001462
__end_of___ftge                       text12       001644
__end_of___ftmul                      text11       001294
__end_of___ftneg                      text10       001A38
__end_of___ftpack                     text25       001510
__end_of___fttol                      text9        0011A0
__end_of__initialization              cinit        001B24
__end_of_escreve                      text7        00137C
__end_of_inic_XLCD                    text3        0019B6
__end_of_limpa                        text19       001A7A
__end_of_main                         text0        000C54
__end_of_putrsXLCD                    text2        001810
__end_of_putsXLCD                     text17       001A14
__end_of_strcpy                       text1        0019E6
__end_of_traduz                       text8        000F00
__initialization                      cinit        001B24
__mediumconst                         mediumconst  000000
__pcinit                              cinit        001B24
__pcstackBANK0                        cstackBANK0  000060
__pcstackCOMRAM                       cstackCOMRAM 000001
__psmallconst                         smallconst   000800
__ptext0                              text0        00082C
__ptext1                              text1        0019B6
__ptext10                             text10       001A14
__ptext11                             text11       0011A0
__ptext12                             text12       0015B4
__ptext13                             text13       000F00
__ptext14                             text14       001918
__ptext15                             text15       001744
__ptext16                             text16       001644
__ptext17                             text17       0019E6
__ptext18                             text18       001862
__ptext19                             text19       001A5C
__ptext2                              text2        0017B4
__ptext20                             text20       0018A0
__ptext21                             text21       0018DE
__ptext22                             text22       001810
__ptext23                             text23       001B42
__ptext24                             text24       00137C
__ptext25                             text25       001462
__ptext26                             text26       001AF4
__ptext27                             text27       001AC8
__ptext28                             text28       0016C8
__ptext29                             text29       001950
__ptext3                              text3        001984
__ptext30                             text30       001A7A
__ptext31                             text31       001ADE
__ptext32                             text32       001B18
__ptext33                             text33       001A38
__ptext34                             text34       001B4A
__ptext35                             text35       001B2E
__ptext36                             text36       001B38
__ptext37                             text37       001A98
__ptext4                              text4        001510
__ptext5                              text5        001B08
__ptext6                              text6        001AB2
__ptext7                              text7        001294
__ptext8                              text8        000C54
__ptext9                              text9        0010AC
__ramtop                              ramtop       000800
__size_of_BusyXLCD                    (abs)        000000
__size_of_Delay10KTCYx                (abs)        000000
__size_of_DelayFor18TCY               (abs)        000000
__size_of_DelayPORXLCD                (abs)        000000
__size_of_I2C_Ack                     (abs)        000000
__size_of_I2C_Init                    (abs)        000000
__size_of_I2C_Nack                    (abs)        000000
__size_of_I2C_Read                    (abs)        000000
__size_of_I2C_Ready                   (abs)        000000
__size_of_I2C_Repeated_Start          (abs)        000000
__size_of_I2C_Start_Wait              (abs)        000000
__size_of_I2C_Stop                    (abs)        000000
__size_of_I2C_Write                   (abs)        000000
__size_of_MPU6050_Init                (abs)        000000
__size_of_MPU_Start_Loc               (abs)        000000
__size_of_Mydelay                     (abs)        000000
__size_of_OpenXLCD                    (abs)        000000
__size_of_SetDDRamAddr                (abs)        000000
__size_of_WriteCmdXLCD                (abs)        000000
__size_of_WriteDataXLCD               (abs)        000000
__size_of___awdiv                     (abs)        000000
__size_of___awmod                     (abs)        000000
__size_of___awtoft                    (abs)        000000
__size_of___ftadd                     (abs)        000000
__size_of___ftdiv                     (abs)        000000
__size_of___ftge                      (abs)        000000
__size_of___ftmul                     (abs)        000000
__size_of___ftneg                     (abs)        000000
__size_of___ftpack                    (abs)        000000
__size_of___fttol                     (abs)        000000
__size_of_escreve                     (abs)        000000
__size_of_inic_XLCD                   (abs)        000000
__size_of_limpa                       (abs)        000000
__size_of_main                        (abs)        000000
__size_of_putrsXLCD                   (abs)        000000
__size_of_putsXLCD                    (abs)        000000
__size_of_strcpy                      (abs)        000000
__size_of_traduz                      (abs)        000000
__smallconst                          smallconst   000800
_escreve                              text7        001294
_inic_XLCD                            text3        001984
_limpa                                text19       001A5C
_main                                 text0        00082C
_putrsXLCD                            text2        0017B4
_putsXLCD                             text17       0019E6
_strcpy                               text1        0019B6
_traduz                               text8        000C54
end_of_initialization                 cinit        001B24
escreve@N1                            cstackCOMRAM 000047
escreve@N2                            cstackCOMRAM 00004A
escreve@str1                          cstackCOMRAM 000059
escreve@str2                          cstackCOMRAM 000046
escreve@txt                           cstackCOMRAM 00004F
intlevel0                             text         000000
intlevel1                             text         000000
intlevel2                             text         000000
intlevel3                             text         000000
main@Ax                               cstackBANK0  000089
main@Ay                               cstackBANK0  00008B
main@Az                               cstackBANK0  00008D
main@Gx                               cstackBANK0  000091
main@Gy                               cstackBANK0  000093
main@Gz                               cstackBANK0  000095
main@T                                cstackBANK0  00008F
main@Xa                               cstackBANK0  000074
main@Xg                               cstackBANK0  000080
main@Ya                               cstackBANK0  000077
main@Yg                               cstackBANK0  000083
main@Za                               cstackBANK0  00007A
main@Zg                               cstackBANK0  000086
main@select                           cstackBANK0  000097
main@str1                             cstackBANK0  00006A
main@str2                             cstackBANK0  00006F
main@t                                cstackBANK0  00007D
main@txt                              cstackBANK0  000060
putrsXLCD@buffer                      cstackCOMRAM 000002
putsXLCD@buffer                       cstackCOMRAM 000002
stackhi                               (abs)        0007FF
stacklo                               (abs)        000098
start                                 init         000000
start_initialization                  cinit        001B24
strcpy@cp                             cstackCOMRAM 000005
strcpy@from                           cstackCOMRAM 000003
strcpy@to                             cstackCOMRAM 000001
traduz@aux                            cstackCOMRAM 000038
traduz@aux_453                        cstackCOMRAM 00003B
traduz@i                              cstackCOMRAM 000044
traduz@j                              cstackCOMRAM 000042
traduz@num                            cstackCOMRAM 000028
traduz@pfloat                         cstackCOMRAM 00003D
traduz@pint                           cstackCOMRAM 000040
traduz@stringh                        cstackCOMRAM 00002E
traduz@txt                            cstackCOMRAM 00002B


FUNCTION INFORMATION:

 *************** function _main *****************
 Defined at:
		line 12 in file "../PIC_MPU-6050.c"
 Parameters:    Size  Location     Type
		None
 Auto vars:     Size  Location     Type
  txt            10    0[BANK0 ] unsigned char [10]
  str2            5   15[BANK0 ] unsigned char [5]
  str1            5   10[BANK0 ] unsigned char [5]
  Zg              3   38[BANK0 ] float 
  Yg              3   35[BANK0 ] float 
  Xg              3   32[BANK0 ] float 
  t               3   29[BANK0 ] float 
  Za              3   26[BANK0 ] float 
  Ya              3   23[BANK0 ] float 
  Xa              3   20[BANK0 ] float 
  Gz              2   53[BANK0 ] int 
  Gy              2   51[BANK0 ] int 
  Gx              2   49[BANK0 ] int 
  T               2   47[BANK0 ] int 
  Az              2   45[BANK0 ] int 
  Ay              2   43[BANK0 ] int 
  Ax              2   41[BANK0 ] int 
  select          1   55[BANK0 ] unsigned char 
 Return value:  Size  Location     Type
                  1    wreg      void 
 Registers used:
		wreg, fsr1l, fsr1h, fsr2l, fsr2h, status,2, status,0, tblptrl, tblptrh, tblptru, cstack
 Tracked objects:
		On entry : 
		On exit  : 
		Unchanged: 
 Data sizes:     COMRAM   BANK0   BANK1   BANK2   BANK3   BANK4   BANK5   BANK6   BANK7
      Params:         0       0       0       0       0       0       0       0       0
      Locals:         0      56       0       0       0       0       0       0       0
      Temps:          4       0       0       0       0       0       0       0       0
      Totals:         4      56       0       0       0       0       0       0       0
Total ram usage:       60 bytes
 Hardware stack levels required when called:    4
 This function calls:
		_BusyXLCD
		_I2C_Init
		_I2C_Read
		_I2C_Stop
		_MPU6050_Init
		_MPU_Start_Loc
		_Mydelay
		_SetDDRamAddr
		___awtoft
		___ftadd
		___ftdiv
		_escreve
		_inic_XLCD
		_limpa
		_putrsXLCD
		_strcpy
		_traduz
 This function is called by:
		Startup code after reset
 This function uses a non-reentrant model


 *************** function _strcpy *****************
 Defined at:
		line 8 in file "C:\Program Files (x86)\Microchip\xc8\v1.45\sources\common\strcpy.c"
 Parameters:    Size  Location     Type
  to              2    0[COMRAM] PTR unsigned char 
		 -> main@str2(5), main@str1(5), 
  from            2    2[COMRAM] PTR const unsigned char 
		 -> STR_6(5), STR_5(5), STR_4(5), STR_3(5), 
		 -> STR_2(5), STR_1(5), 
 Auto vars:     Size  Location     Type
  cp              2    4[COMRAM] PTR unsigned char 
		 -> main@str2(5), main@str1(5), 
 Return value:  Size  Location     Type
                  2    0[COMRAM] PTR unsigned char 
 Registers used:
		wreg, fsr2l, fsr2h, status,2, status,0, tblptrl, tblptrh, tblptru
 Tracked objects:
		On entry : 
		On exit  : 
		Unchanged: 
 Data sizes:     COMRAM   BANK0   BANK1   BANK2   BANK3   BANK4   BANK5   BANK6   BANK7
      Params:         4       0       0       0       0       0       0       0       0
      Locals:         2       0       0       0       0       0       0       0       0
      Temps:          0       0       0       0       0       0       0       0       0
      Totals:         6       0       0       0       0       0       0       0       0
Total ram usage:        6 bytes
 Hardware stack levels used:    1
 This function calls:
		Nothing
 This function is called by:
		_main
 This function uses a non-reentrant model


 *************** function _putrsXLCD *****************
 Defined at:
		line 52 in file "../mylcd.c"
 Parameters:    Size  Location     Type
  buffer          2    1[COMRAM] PTR const unsigned char 
		 -> main@txt(10), STR_7(12), 
 Auto vars:     Size  Location     Type
		None
 Return value:  Size  Location     Type
                  1    wreg      void 
 Registers used:
		wreg, fsr1l, fsr1h, status,2, status,0, tblptrl, tblptrh, tblptru, cstack
 Tracked objects:
		On entry : 
		On exit  : 
		Unchanged: 
 Data sizes:     COMRAM   BANK0   BANK1   BANK2   BANK3   BANK4   BANK5   BANK6   BANK7
      Params:         2       0       0       0       0       0       0       0       0
      Locals:         0       0       0       0       0       0       0       0       0
      Temps:          0       0       0       0       0       0       0       0       0
      Totals:         2       0       0       0       0       0       0       0       0
Total ram usage:        2 bytes
 Hardware stack levels used:    1
 Hardware stack levels required when called:    2
 This function calls:
		_BusyXLCD
		_WriteDataXLCD
 This function is called by:
		_main
 This function uses a non-reentrant model


 *************** function _inic_XLCD *****************
 Defined at:
		line 127 in file "../PIC_MPU-6050.c"
 Parameters:    Size  Location     Type
		None
 Auto vars:     Size  Location     Type
		None
 Return value:  Size  Location     Type
                  1    wreg      void 
 Registers used:
		wreg, status,2, status,0, cstack
 Tracked objects:
		On entry : 
		On exit  : 
		Unchanged: 
 Data sizes:     COMRAM   BANK0   BANK1   BANK2   BANK3   BANK4   BANK5   BANK6   BANK7
      Params:         0       0       0       0       0       0       0       0       0
      Locals:         0       0       0       0       0       0       0       0       0
      Temps:          0       0       0       0       0       0       0       0       0
      Totals:         0       0       0       0       0       0       0       0       0
Total ram usage:        0 bytes
 Hardware stack levels used:    1
 Hardware stack levels required when called:    3
 This function calls:
		_BusyXLCD
		_OpenXLCD
		_WriteCmdXLCD
 This function is called by:
		_main
 This function uses a non-reentrant model


 *************** function _OpenXLCD *****************
 Defined at:
		line 63 in file "../mylcd.c"
 Parameters:    Size  Location     Type
  lcdtype         1    wreg     unsigned char 
 Auto vars:     Size  Location     Type
  lcdtype         1    4[COMRAM] unsigned char 
 Return value:  Size  Location     Type
                  1    wreg      void 
 Registers used:
		wreg, status,2, status,0, cstack
 Tracked objects:
		On entry : 
		On exit  : 
		Unchanged: 
 Data sizes:     COMRAM   BANK0   BANK1   BANK2   BANK3   BANK4   BANK5   BANK6   BANK7
      Params:         0       0       0       0       0       0       0       0       0
      Locals:         1       0       0       0       0       0       0       0       0
      Temps:          0       0       0       0       0       0       0       0       0
      Totals:         1       0       0       0       0       0       0       0       0
Total ram usage:        1 bytes
 Hardware stack levels used:    1
 Hardware stack levels required when called:    2
 This function calls:
		_BusyXLCD
		_Delay10KTCYx
		_DelayPORXLCD
		_SetDDRamAddr
		_WriteCmdXLCD
 This function is called by:
		_inic_XLCD
 This function uses a non-reentrant model


 *************** function _DelayPORXLCD *****************
 Defined at:
		line 234 in file "../PIC_MPU-6050.c"
 Parameters:    Size  Location     Type
		None
 Auto vars:     Size  Location     Type
		None
 Return value:  Size  Location     Type
                  1    wreg      void 
 Registers used:
		wreg
 Tracked objects:
		On entry : 
		On exit  : 
		Unchanged: 
 Data sizes:     COMRAM   BANK0   BANK1   BANK2   BANK3   BANK4   BANK5   BANK6   BANK7
      Params:         0       0       0       0       0       0       0       0       0
      Locals:         0       0       0       0       0       0       0       0       0
      Temps:          1       0       0       0       0       0       0       0       0
      Totals:         1       0       0       0       0       0       0       0       0
Total ram usage:        1 bytes
 Hardware stack levels used:    1
 This function calls:
		Nothing
 This function is called by:
		_OpenXLCD
 This function uses a non-reentrant model


 *************** function _Delay10KTCYx *****************
 Defined at:
		line 8 in file "C:\Program Files (x86)\Microchip\xc8\v1.45\sources\pic18\d10ktcyx.c"
 Parameters:    Size  Location     Type
  unit            1    wreg     unsigned char 
 Auto vars:     Size  Location     Type
  unit            1    1[COMRAM] unsigned char 
 Return value:  Size  Location     Type
                  1    wreg      void 
 Registers used:
		wreg
 Tracked objects:
		On entry : 
		On exit  : 
		Unchanged: 
 Data sizes:     COMRAM   BANK0   BANK1   BANK2   BANK3   BANK4   BANK5   BANK6   BANK7
      Params:         0       0       0       0       0       0       0       0       0
      Locals:         1       0       0       0       0       0       0       0       0
      Temps:          1       0       0       0       0       0       0       0       0
      Totals:         2       0       0       0       0       0       0       0       0
Total ram usage:        2 bytes
 Hardware stack levels used:    1
 This function calls:
		Nothing
 This function is called by:
		_OpenXLCD
 This function uses a non-reentrant model


 *************** function _escreve *****************
 Defined at:
		line 204 in file "../PIC_MPU-6050.c"
 Parameters:    Size  Location     Type
  str1            1    wreg     unsigned char 
  str2            1   69[COMRAM] unsigned char 
  N1              3   70[COMRAM] float 
  N2              3   73[COMRAM] float 
 Auto vars:     Size  Location     Type
  str1            1   88[COMRAM] unsigned char 
  txt            10   78[COMRAM] unsigned char [10]
 Return value:  Size  Location     Type
                  1    wreg      void 
 Registers used:
		wreg, fsr1l, fsr1h, fsr2l, fsr2h, status,2, status,0, cstack
 Tracked objects:
		On entry : 
		On exit  : 
		Unchanged: 
 Data sizes:     COMRAM   BANK0   BANK1   BANK2   BANK3   BANK4   BANK5   BANK6   BANK7
      Params:         7       0       0       0       0       0       0       0       0
      Locals:        11       0       0       0       0       0       0       0       0
      Temps:          2       0       0       0       0       0       0       0       0
      Totals:        20       0       0       0       0       0       0       0       0
Total ram usage:       20 bytes
 Hardware stack levels used:    1
 Hardware stack levels required when called:    3
 This function calls:
		_BusyXLCD
		_Mydelay
		_SetDDRamAddr
		_limpa
		_putsXLCD
		_traduz
 This function is called by:
		_main
 This function uses a non-reentrant model


 *************** function _traduz *****************
 Defined at:
		line 140 in file "../PIC_MPU-6050.c"
 Parameters:    Size  Location     Type
  num             3   39[COMRAM] float 
  txt             2   42[COMRAM] PTR unsigned char 
		 -> escreve@txt(10), main@txt(10), 
 Auto vars:     Size  Location     Type
  aux             2   58[COMRAM] int 
  stringh        10   45[COMRAM] unsigned char [10]
  pfloat          3   60[COMRAM] float 
  aux             3   55[COMRAM] float 
  i               2   67[COMRAM] int 
  j               2   65[COMRAM] int 
  pint            2   63[COMRAM] int 
 Return value:  Size  Location     Type
                  1    wreg      void 
 Registers used:
		wreg, fsr1l, fsr1h, fsr2l, fsr2h, status,2, status,0, cstack
 Tracked objects:
		On entry : 
		On exit  : 
		Unchanged: 
 Data sizes:     COMRAM   BANK0   BANK1   BANK2   BANK3   BANK4   BANK5   BANK6   BANK7
      Params:         5       0       0       0       0       0       0       0       0
      Locals:        24       0       0       0       0       0       0       0       0
      Temps:          1       0       0       0       0       0       0       0       0
      Totals:        30       0       0       0       0       0       0       0       0
Total ram usage:       30 bytes
 Hardware stack levels used:    1
 Hardware stack levels required when called:    2
 This function calls:
		___awdiv
		___awmod
		___awtoft
		___ftadd
		___ftge
		___ftmul
		___ftneg
		___fttol
 This function is called by:
		_main
		_escreve
 This function uses a non-reentrant model


 *************** function ___fttol *****************
 Defined at:
		line 44 in file "C:\Program Files (x86)\Microchip\xc8\v1.45\sources\common\fttol.c"
 Parameters:    Size  Location     Type
  f1              3    0[COMRAM] float 
 Auto vars:     Size  Location     Type
  lval            4   10[COMRAM] unsigned long 
  exp1            1   14[COMRAM] unsigned char 
  sign1           1    9[COMRAM] unsigned char 
 Return value:  Size  Location     Type
                  4    0[COMRAM] long 
 Registers used:
		wreg, status,2, status,0
 Tracked objects:
		On entry : 
		On exit  : 
		Unchanged: 
 Data sizes:     COMRAM   BANK0   BANK1   BANK2   BANK3   BANK4   BANK5   BANK6   BANK7
      Params:         4       0       0       0       0       0       0       0       0
      Locals:         6       0       0       0       0       0       0       0       0
      Temps:          5       0       0       0       0       0       0       0       0
      Totals:        15       0       0       0       0       0       0       0       0
Total ram usage:       15 bytes
 Hardware stack levels used:    1
 This function calls:
		Nothing
 This function is called by:
		_traduz
 This function uses a non-reentrant model


 *************** function ___ftneg *****************
 Defined at:
		line 15 in file "C:\Program Files (x86)\Microchip\xc8\v1.45\sources\common\ftneg.c"
 Parameters:    Size  Location     Type
  f1              3   12[COMRAM] float 
 Auto vars:     Size  Location     Type
		None
 Return value:  Size  Location     Type
                  3   12[COMRAM] float 
 Registers used:
		wreg, status,2, status,0
 Tracked objects:
		On entry : 
		On exit  : 
		Unchanged: 
 Data sizes:     COMRAM   BANK0   BANK1   BANK2   BANK3   BANK4   BANK5   BANK6   BANK7
      Params:         3       0       0       0       0       0       0       0       0
      Locals:         0       0       0       0       0       0       0       0       0
      Temps:          0       0       0       0       0       0       0       0       0
      Totals:         3       0       0       0       0       0       0       0       0
Total ram usage:        3 bytes
 Hardware stack levels used:    1
 This function calls:
		Nothing
 This function is called by:
		_traduz
 This function uses a non-reentrant model


 *************** function ___ftmul *****************
 Defined at:
		line 62 in file "C:\Program Files (x86)\Microchip\xc8\v1.45\sources\common\ftmul.c"
 Parameters:    Size  Location     Type
  f1              3    8[COMRAM] float 
  f2              3   11[COMRAM] float 
 Auto vars:     Size  Location     Type
  f3_as_produc    3   18[COMRAM] unsigned um
  sign            1   22[COMRAM] unsigned char 
  cntr            1   21[COMRAM] unsigned char 
  exp             1   17[COMRAM] unsigned char 
 Return value:  Size  Location     Type
                  3    8[COMRAM] float 
 Registers used:
		wreg, status,2, status,0, cstack
 Tracked objects:
		On entry : 
		On exit  : 
		Unchanged: 
 Data sizes:     COMRAM   BANK0   BANK1   BANK2   BANK3   BANK4   BANK5   BANK6   BANK7
      Params:         6       0       0       0       0       0       0       0       0
      Locals:         6       0       0       0       0       0       0       0       0
      Temps:          3       0       0       0       0       0       0       0       0
      Totals:        15       0       0       0       0       0       0       0       0
Total ram usage:       15 bytes
 Hardware stack levels used:    1
 Hardware stack levels required when called:    1
 This function calls:
		___ftpack
 This function is called by:
		_traduz
 This function uses a non-reentrant model


 *************** function ___ftge *****************
 Defined at:
		line 4 in file "C:\Program Files (x86)\Microchip\xc8\v1.45\sources\common\ftge.c"
 Parameters:    Size  Location     Type
  ff1             3    0[COMRAM] float 
  ff2             3    3[COMRAM] float 
 Auto vars:     Size  Location     Type
		None
 Return value:  Size  Location     Type
		None               void
 Registers used:
		wreg, status,2, status,0
 Tracked objects:
		On entry : 
		On exit  : 
		Unchanged: 
 Data sizes:     COMRAM   BANK0   BANK1   BANK2   BANK3   BANK4   BANK5   BANK6   BANK7
      Params:         6       0       0       0       0       0       0       0       0
      Locals:         0       0       0       0       0       0       0       0       0
      Temps:          3       0       0       0       0       0       0       0       0
      Totals:         9       0       0       0       0       0       0       0       0
Total ram usage:        9 bytes
 Hardware stack levels used:    1
 This function calls:
		Nothing
 This function is called by:
		_traduz
 This function uses a non-reentrant model


 *************** function ___ftadd *****************
 Defined at:
		line 86 in file "C:\Program Files (x86)\Microchip\xc8\v1.45\sources\common\ftadd.c"
 Parameters:    Size  Location     Type
  f1              3   27[COMRAM] float 
  f2              3   30[COMRAM] float 
 Auto vars:     Size  Location     Type
  exp1            1   38[COMRAM] unsigned char 
  exp2            1   37[COMRAM] unsigned char 
  sign            1   36[COMRAM] unsigned char 
 Return value:  Size  Location     Type
                  3   27[COMRAM] float 
 Registers used:
		wreg, status,2, status,0, cstack
 Tracked objects:
		On entry : 
		On exit  : 
		Unchanged: 
 Data sizes:     COMRAM   BANK0   BANK1   BANK2   BANK3   BANK4   BANK5   BANK6   BANK7
      Params:         6       0       0       0       0       0       0       0       0
      Locals:         3       0       0       0       0       0       0       0       0
      Temps:          3       0       0       0       0       0       0       0       0
      Totals:        12       0       0       0       0       0       0       0       0
Total ram usage:       12 bytes
 Hardware stack levels used:    1
 Hardware stack levels required when called:    1
 This function calls:
		___ftpack
 This function is called by:
		_main
		_traduz
 This function uses a non-reentrant model


 *************** function ___awtoft *****************
 Defined at:
		line 32 in file "C:\Program Files (x86)\Microchip\xc8\v1.45\sources\common\awtoft.c"
 Parameters:    Size  Location     Type
  c               2    8[COMRAM] int 
 Auto vars:     Size  Location     Type
  sign            1   11[COMRAM] unsigned char 
 Return value:  Size  Location     Type
                  3    8[COMRAM] float 
 Registers used:
		wreg, status,2, status,0, cstack
 Tracked objects:
		On entry : 
		On exit  : 
		Unchanged: 
 Data sizes:     COMRAM   BANK0   BANK1   BANK2   BANK3   BANK4   BANK5   BANK6   BANK7
      Params:         3       0       0       0       0       0       0       0       0
      Locals:         1       0       0       0       0       0       0       0       0
      Temps:          0       0       0       0       0       0       0       0       0
      Totals:         4       0       0       0       0       0       0       0       0
Total ram usage:        4 bytes
 Hardware stack levels used:    1
 Hardware stack levels required when called:    1
 This function calls:
		___ftpack
 This function is called by:
		_main
		_traduz
 This function uses a non-reentrant model


 *************** function ___awmod *****************
 Defined at:
		line 8 in file "C:\Program Files (x86)\Microchip\xc8\v1.45\sources\common\awmod.c"
 Parameters:    Size  Location     Type
  dividend        2   15[COMRAM] int 
  divisor         2   17[COMRAM] int 
 Auto vars:     Size  Location     Type
  sign            1   20[COMRAM] unsigned char 
  counter         1   19[COMRAM] unsigned char 
 Return value:  Size  Location     Type
                  2   15[COMRAM] int 
 Registers used:
		wreg, status,2, status,0
 Tracked objects:
		On entry : 
		On exit  : 
		Unchanged: 
 Data sizes:     COMRAM   BANK0   BANK1   BANK2   BANK3   BANK4   BANK5   BANK6   BANK7
      Params:         4       0       0       0       0       0       0       0       0
      Locals:         2       0       0       0       0       0       0       0       0
      Temps:          0       0       0       0       0       0       0       0       0
      Totals:         6       0       0       0       0       0       0       0       0
Total ram usage:        6 bytes
 Hardware stack levels used:    1
 This function calls:
		Nothing
 This function is called by:
		_traduz
 This function uses a non-reentrant model


 *************** function ___awdiv *****************
 Defined at:
		line 8 in file "C:\Program Files (x86)\Microchip\xc8\v1.45\sources\common\awdiv.c"
 Parameters:    Size  Location     Type
  dividend        2    0[COMRAM] int 
  divisor         2    2[COMRAM] int 
 Auto vars:     Size  Location     Type
  quotient        2    6[COMRAM] int 
  sign            1    5[COMRAM] unsigned char 
  counter         1    4[COMRAM] unsigned char 
 Return value:  Size  Location     Type
                  2    0[COMRAM] int 
 Registers used:
		wreg, status,2, status,0
 Tracked objects:
		On entry : 
		On exit  : 
		Unchanged: 
 Data sizes:     COMRAM   BANK0   BANK1   BANK2   BANK3   BANK4   BANK5   BANK6   BANK7
      Params:         4       0       0       0       0       0       0       0       0
      Locals:         4       0       0       0       0       0       0       0       0
      Temps:          0       0       0       0       0       0       0       0       0
      Totals:         8       0       0       0       0       0       0       0       0
Total ram usage:        8 bytes
 Hardware stack levels used:    1
 This function calls:
		Nothing
 This function is called by:
		_traduz
 This function uses a non-reentrant model


 *************** function _putsXLCD *****************
 Defined at:
		line 125 in file "../mylcd.c"
 Parameters:    Size  Location     Type
  buffer          2    1[COMRAM] PTR unsigned char 
		 -> escreve@txt(10), RAM(2047), 
 Auto vars:     Size  Location     Type
		None
 Return value:  Size  Location     Type
                  1    wreg      void 
 Registers used:
		wreg, fsr2l, fsr2h, status,2, status,0, cstack
 Tracked objects:
		On entry : 
		On exit  : 
		Unchanged: 
 Data sizes:     COMRAM   BANK0   BANK1   BANK2   BANK3   BANK4   BANK5   BANK6   BANK7
      Params:         2       0       0       0       0       0       0       0       0
      Locals:         0       0       0       0       0       0       0       0       0
      Temps:          0       0       0       0       0       0       0       0       0
      Totals:         2       0       0       0       0       0       0       0       0
Total ram usage:        2 bytes
 Hardware stack levels used:    1
 Hardware stack levels required when called:    2
 This function calls:
		_BusyXLCD
		_WriteDataXLCD
 This function is called by:
		_escreve
 This function uses a non-reentrant model


 *************** function _WriteDataXLCD *****************
 Defined at:
		line 357 in file "../mylcd.c"
 Parameters:    Size  Location     Type
  data            1    wreg     unsigned char 
 Auto vars:     Size  Location     Type
  data            1    0[COMRAM] unsigned char 
 Return value:  Size  Location     Type
                  1    wreg      void 
 Registers used:
		wreg, status,2, status,0, cstack
 Tracked objects:
		On entry : 
		On exit  : 
		Unchanged: 
 Data sizes:     COMRAM   BANK0   BANK1   BANK2   BANK3   BANK4   BANK5   BANK6   BANK7
      Params:         0       0       0       0       0       0       0       0       0
      Locals:         1       0       0       0       0       0       0       0       0
      Temps:          0       0       0       0       0       0       0       0       0
      Totals:         1       0       0       0       0       0       0       0       0
Total ram usage:        1 bytes
 Hardware stack levels used:    1
 Hardware stack levels required when called:    1
 This function calls:
		_DelayFor18TCY
 This function is called by:
		_putrsXLCD
		_putsXLCD
 This function uses a non-reentrant model


 *************** function _limpa *****************
 Defined at:
		line 135 in file "../PIC_MPU-6050.c"
 Parameters:    Size  Location     Type
		None
 Auto vars:     Size  Location     Type
		None
 Return value:  Size  Location     Type
                  1    wreg      void 
 Registers used:
		wreg, status,2, status,0, cstack
 Tracked objects:
		On entry : 
		On exit  : 
		Unchanged: 
 Data sizes:     COMRAM   BANK0   BANK1   BANK2   BANK3   BANK4   BANK5   BANK6   BANK7
      Params:         0       0       0       0       0       0       0       0       0
      Locals:         0       0       0       0       0       0       0       0       0
      Temps:          0       0       0       0       0       0       0       0       0
      Totals:         0       0       0       0       0       0       0       0       0
Total ram usage:        0 bytes
 Hardware stack levels used:    1
 Hardware stack levels required when called:    2
 This function calls:
		_BusyXLCD
		_Mydelay
		_WriteCmdXLCD
 This function is called by:
		_main
		_escreve
 This function uses a non-reentrant model


 *************** function _WriteCmdXLCD *****************
 Defined at:
		line 309 in file "../mylcd.c"
 Parameters:    Size  Location     Type
  cmd             1    wreg     unsigned char 
 Auto vars:     Size  Location     Type
  cmd             1    0[COMRAM] unsigned char 
 Return value:  Size  Location     Type
                  1    wreg      void 
 Registers used:
		wreg, status,2, status,0, cstack
 Tracked objects:
		On entry : 
		On exit  : 
		Unchanged: 
 Data sizes:     COMRAM   BANK0   BANK1   BANK2   BANK3   BANK4   BANK5   BANK6   BANK7
      Params:         0       0       0       0       0       0       0       0       0
      Locals:         1       0       0       0       0       0       0       0       0
      Temps:          0       0       0       0       0       0       0       0       0
      Totals:         1       0       0       0       0       0       0       0       0
Total ram usage:        1 bytes
 Hardware stack levels used:    1
 Hardware stack levels required when called:    1
 This function calls:
		_DelayFor18TCY
 This function is called by:
		_inic_XLCD
		_limpa
		_OpenXLCD
 This function uses a non-reentrant model


 *************** function _BusyXLCD *****************
 Defined at:
		line 4 in file "../mylcd.c"
 Parameters:    Size  Location     Type
		None
 Auto vars:     Size  Location     Type
		None
 Return value:  Size  Location     Type
                  1    wreg      unsigned char 
 Registers used:
		wreg, cstack
 Tracked objects:
		On entry : 
		On exit  : 
		Unchanged: 
 Data sizes:     COMRAM   BANK0   BANK1   BANK2   BANK3   BANK4   BANK5   BANK6   BANK7
      Params:         0       0       0       0       0       0       0       0       0
      Locals:         0       0       0       0       0       0       0       0       0
      Temps:          0       0       0       0       0       0       0       0       0
      Totals:         0       0       0       0       0       0       0       0       0
Total ram usage:        0 bytes
 Hardware stack levels used:    1
 Hardware stack levels required when called:    1
 This function calls:
		_DelayFor18TCY
 This function is called by:
		_main
		_inic_XLCD
		_limpa
		_escreve
		_putrsXLCD
		_OpenXLCD
		_putsXLCD
 This function uses a non-reentrant model


 *************** function _SetDDRamAddr *****************
 Defined at:
		line 261 in file "../mylcd.c"
 Parameters:    Size  Location     Type
  DDaddr          1    wreg     unsigned char 
 Auto vars:     Size  Location     Type
  DDaddr          1    3[COMRAM] unsigned char 
 Return value:  Size  Location     Type
                  1    wreg      void 
 Registers used:
		wreg, status,2, status,0, cstack
 Tracked objects:
		On entry : 
		On exit  : 
		Unchanged: 
 Data sizes:     COMRAM   BANK0   BANK1   BANK2   BANK3   BANK4   BANK5   BANK6   BANK7
      Params:         0       0       0       0       0       0       0       0       0
      Locals:         1       0       0       0       0       0       0       0       0
      Temps:          3       0       0       0       0       0       0       0       0
      Totals:         4       0       0       0       0       0       0       0       0
Total ram usage:        4 bytes
 Hardware stack levels used:    1
 Hardware stack levels required when called:    1
 This function calls:
		_DelayFor18TCY
 This function is called by:
		_main
		_escreve
		_OpenXLCD
 This function uses a non-reentrant model


 *************** function _DelayFor18TCY *****************
 Defined at:
		line 229 in file "../PIC_MPU-6050.c"
 Parameters:    Size  Location     Type
		None
 Auto vars:     Size  Location     Type
		None
 Return value:  Size  Location     Type
                  1    wreg      void 
 Registers used:
		wreg
 Tracked objects:
		On entry : 
		On exit  : 
		Unchanged: 
 Data sizes:     COMRAM   BANK0   BANK1   BANK2   BANK3   BANK4   BANK5   BANK6   BANK7
      Params:         0       0       0       0       0       0       0       0       0
      Locals:         0       0       0       0       0       0       0       0       0
      Temps:          0       0       0       0       0       0       0       0       0
      Totals:         0       0       0       0       0       0       0       0       0
Total ram usage:        0 bytes
 Hardware stack levels used:    1
 This function calls:
		Nothing
 This function is called by:
		_BusyXLCD
		_SetDDRamAddr
		_WriteCmdXLCD
		_WriteDataXLCD
		_ReadAddrXLCD
		_ReadDataXLCD
		_SetCGRamAddr
 This function uses a non-reentrant model


 *************** function ___ftdiv *****************
 Defined at:
		line 54 in file "C:\Program Files (x86)\Microchip\xc8\v1.45\sources\common\ftdiv.c"
 Parameters:    Size  Location     Type
  f1              3   12[COMRAM] float 
  f2              3   15[COMRAM] float 
 Auto vars:     Size  Location     Type
  f3              3   22[COMRAM] float 
  sign            1   26[COMRAM] unsigned char 
  exp             1   25[COMRAM] unsigned char 
  cntr            1   21[COMRAM] unsigned char 
 Return value:  Size  Location     Type
                  3   12[COMRAM] float 
 Registers used:
		wreg, status,2, status,0, cstack
 Tracked objects:
		On entry : 
		On exit  : 
		Unchanged: 
 Data sizes:     COMRAM   BANK0   BANK1   BANK2   BANK3   BANK4   BANK5   BANK6   BANK7
      Params:         6       0       0       0       0       0       0       0       0
      Locals:         6       0       0       0       0       0       0       0       0
      Temps:          3       0       0       0       0       0       0       0       0
      Totals:        15       0       0       0       0       0       0       0       0
Total ram usage:       15 bytes
 Hardware stack levels used:    1
 Hardware stack levels required when called:    1
 This function calls:
		___ftpack
 This function is called by:
		_main
 This function uses a non-reentrant model


 *************** function ___ftpack *****************
 Defined at:
		line 62 in file "C:\Program Files (x86)\Microchip\xc8\v1.45\sources\common\float.c"
 Parameters:    Size  Location     Type
  arg             3    0[COMRAM] unsigned um
  exp             1    3[COMRAM] unsigned char 
  sign            1    4[COMRAM] unsigned char 
 Auto vars:     Size  Location     Type
		None
 Return value:  Size  Location     Type
                  3    0[COMRAM] float 
 Registers used:
		wreg, status,2, status,0
 Tracked objects:
		On entry : 
		On exit  : 
		Unchanged: 
 Data sizes:     COMRAM   BANK0   BANK1   BANK2   BANK3   BANK4   BANK5   BANK6   BANK7
      Params:         5       0       0       0       0       0       0       0       0
      Locals:         0       0       0       0       0       0       0       0       0
      Temps:          3       0       0       0       0       0       0       0       0
      Totals:         8       0       0       0       0       0       0       0       0
Total ram usage:        8 bytes
 Hardware stack levels used:    1
 This function calls:
		Nothing
 This function is called by:
		___awtoft
		___ftadd
		___ftdiv
		___ftmul
 This function uses a non-reentrant model


 *************** function _MPU_Start_Loc *****************
 Defined at:
		line 115 in file "../PIC_MPU-6050.c"
 Parameters:    Size  Location     Type
		None
 Auto vars:     Size  Location     Type
		None
 Return value:  Size  Location     Type
                  1    wreg      void 
 Registers used:
		wreg, status,2, cstack
 Tracked objects:
		On entry : 
		On exit  : 
		Unchanged: 
 Data sizes:     COMRAM   BANK0   BANK1   BANK2   BANK3   BANK4   BANK5   BANK6   BANK7
      Params:         0       0       0       0       0       0       0       0       0
      Locals:         0       0       0       0       0       0       0       0       0
      Temps:          0       0       0       0       0       0       0       0       0
      Totals:         0       0       0       0       0       0       0       0       0
Total ram usage:        0 bytes
 Hardware stack levels used:    1
 Hardware stack levels required when called:    3
 This function calls:
		_I2C_Repeated_Start
		_I2C_Start_Wait
		_I2C_Write
 This function is called by:
		_main
 This function uses a non-reentrant model


 *************** function _I2C_Repeated_Start *****************
 Defined at:
		line 46 in file "../I2C_Source_File.c"
 Parameters:    Size  Location     Type
  slave_read_a    1    wreg     unsigned char 
 Auto vars:     Size  Location     Type
  slave_read_a    1    1[COMRAM] unsigned char 
 Return value:  Size  Location     Type
                  1    wreg      unsigned char 
 Registers used:
		wreg, status,2, cstack
 Tracked objects:
		On entry : 
		On exit  : 
		Unchanged: 
 Data sizes:     COMRAM   BANK0   BANK1   BANK2   BANK3   BANK4   BANK5   BANK6   BANK7
      Params:         0       0       0       0       0       0       0       0       0
      Locals:         1       0       0       0       0       0       0       0       0
      Temps:          0       0       0       0       0       0       0       0       0
      Totals:         1       0       0       0       0       0       0       0       0
Total ram usage:        1 bytes
 Hardware stack levels used:    1
 Hardware stack levels required when called:    2
 This function calls:
		_I2C_Write
 This function is called by:
		_MPU_Start_Loc
 This function uses a non-reentrant model


 *************** function _MPU6050_Init *****************
 Defined at:
		line 86 in file "../PIC_MPU-6050.c"
 Parameters:    Size  Location     Type
		None
 Auto vars:     Size  Location     Type
		None
 Return value:  Size  Location     Type
                  1    wreg      void 
 Registers used:
		wreg, status,2, status,0, cstack
 Tracked objects:
		On entry : 
		On exit  : 
		Unchanged: 
 Data sizes:     COMRAM   BANK0   BANK1   BANK2   BANK3   BANK4   BANK5   BANK6   BANK7
      Params:         0       0       0       0       0       0       0       0       0
      Locals:         0       0       0       0       0       0       0       0       0
      Temps:          0       0       0       0       0       0       0       0       0
      Totals:         0       0       0       0       0       0       0       0       0
Total ram usage:        0 bytes
 Hardware stack levels used:    1
 Hardware stack levels required when called:    3
 This function calls:
		_I2C_Start_Wait
		_I2C_Stop
		_I2C_Write
		_Mydelay
 This function is called by:
		_main
 This function uses a non-reentrant model


 *************** function _Mydelay *****************
 Defined at:
		line 120 in file "../PIC_MPU-6050.c"
 Parameters:    Size  Location     Type
  tempo           2    0[COMRAM] int 
 Auto vars:     Size  Location     Type
  i               2    3[COMRAM] int 
 Return value:  Size  Location     Type
                  1    wreg      void 
 Registers used:
		wreg, status,2, status,0
 Tracked objects:
		On entry : 
		On exit  : 
		Unchanged: 
 Data sizes:     COMRAM   BANK0   BANK1   BANK2   BANK3   BANK4   BANK5   BANK6   BANK7
      Params:         2       0       0       0       0       0       0       0       0
      Locals:         2       0       0       0       0       0       0       0       0
      Temps:          1       0       0       0       0       0       0       0       0
      Totals:         5       0       0       0       0       0       0       0       0
Total ram usage:        5 bytes
 Hardware stack levels used:    1
 This function calls:
		Nothing
 This function is called by:
		_main
		_MPU6050_Init
		_limpa
		_escreve
 This function uses a non-reentrant model


 *************** function _I2C_Start_Wait *****************
 Defined at:
		line 27 in file "../I2C_Source_File.c"
 Parameters:    Size  Location     Type
  slave_write_    1    wreg     unsigned char 
 Auto vars:     Size  Location     Type
  slave_write_    1    1[COMRAM] unsigned char 
 Return value:  Size  Location     Type
                  1    wreg      void 
 Registers used:
		wreg, status,2, cstack
 Tracked objects:
		On entry : 
		On exit  : 
		Unchanged: 
 Data sizes:     COMRAM   BANK0   BANK1   BANK2   BANK3   BANK4   BANK5   BANK6   BANK7
      Params:         0       0       0       0       0       0       0       0       0
      Locals:         1       0       0       0       0       0       0       0       0
      Temps:          0       0       0       0       0       0       0       0       0
      Totals:         1       0       0       0       0       0       0       0       0
Total ram usage:        1 bytes
 Hardware stack levels used:    1
 Hardware stack levels required when called:    2
 This function calls:
		_I2C_Stop
		_I2C_Write
 This function is called by:
		_MPU6050_Init
		_MPU_Start_Loc
 This function uses a non-reentrant model


 *************** function _I2C_Write *****************
 Defined at:
		line 60 in file "../I2C_Source_File.c"
 Parameters:    Size  Location     Type
  data            1    wreg     unsigned char 
 Auto vars:     Size  Location     Type
  data            1    0[COMRAM] unsigned char 
 Return value:  Size  Location     Type
                  1    wreg      unsigned char 
 Registers used:
		wreg, cstack
 Tracked objects:
		On entry : 
		On exit  : 
		Unchanged: 
 Data sizes:     COMRAM   BANK0   BANK1   BANK2   BANK3   BANK4   BANK5   BANK6   BANK7
      Params:         0       0       0       0       0       0       0       0       0
      Locals:         1       0       0       0       0       0       0       0       0
      Temps:          0       0       0       0       0       0       0       0       0
      Totals:         1       0       0       0       0       0       0       0       0
Total ram usage:        1 bytes
 Hardware stack levels used:    1
 Hardware stack levels required when called:    1
 This function calls:
		_I2C_Ready
 This function is called by:
		_I2C_Start_Wait
		_I2C_Repeated_Start
		_MPU6050_Init
		_MPU_Start_Loc
		_I2C_Start
 This function uses a non-reentrant model


 *************** function _I2C_Stop *****************
 Defined at:
		line 97 in file "../I2C_Source_File.c"
 Parameters:    Size  Location     Type
		None
 Auto vars:     Size  Location     Type
		None
 Return value:  Size  Location     Type
                  1    wreg      unsigned char 
 Registers used:
		wreg
 Tracked objects:
		On entry : 
		On exit  : 
		Unchanged: 
 Data sizes:     COMRAM   BANK0   BANK1   BANK2   BANK3   BANK4   BANK5   BANK6   BANK7
      Params:         0       0       0       0       0       0       0       0       0
      Locals:         0       0       0       0       0       0       0       0       0
      Temps:          0       0       0       0       0       0       0       0       0
      Totals:         0       0       0       0       0       0       0       0       0
Total ram usage:        0 bytes
 Hardware stack levels used:    1
 This function calls:
		Nothing
 This function is called by:
		_I2C_Start_Wait
		_main
		_MPU6050_Init
 This function uses a non-reentrant model


 *************** function _I2C_Read *****************
 Defined at:
		line 83 in file "../I2C_Source_File.c"
 Parameters:    Size  Location     Type
  flag            1    wreg     unsigned char 
 Auto vars:     Size  Location     Type
  flag            1    0[COMRAM] unsigned char 
  buffer          1    1[COMRAM] unsigned char 
 Return value:  Size  Location     Type
                  1    wreg      unsigned char 
 Registers used:
		wreg, status,2, cstack
 Tracked objects:
		On entry : 
		On exit  : 
		Unchanged: 
 Data sizes:     COMRAM   BANK0   BANK1   BANK2   BANK3   BANK4   BANK5   BANK6   BANK7
      Params:         0       0       0       0       0       0       0       0       0
      Locals:         2       0       0       0       0       0       0       0       0
      Temps:          0       0       0       0       0       0       0       0       0
      Totals:         2       0       0       0       0       0       0       0       0
Total ram usage:        2 bytes
 Hardware stack levels used:    1
 Hardware stack levels required when called:    1
 This function calls:
		_I2C_Ack
		_I2C_Nack
		_I2C_Ready
 This function is called by:
		_main
 This function uses a non-reentrant model


 *************** function _I2C_Ready *****************
 Defined at:
		line 106 in file "../I2C_Source_File.c"
 Parameters:    Size  Location     Type
		None
 Auto vars:     Size  Location     Type
		None
 Return value:  Size  Location     Type
                  1    wreg      void 
 Registers used:
		None
 Tracked objects:
		On entry : 
		On exit  : 
		Unchanged: 
 Data sizes:     COMRAM   BANK0   BANK1   BANK2   BANK3   BANK4   BANK5   BANK6   BANK7
      Params:         0       0       0       0       0       0       0       0       0
      Locals:         0       0       0       0       0       0       0       0       0
      Temps:          0       0       0       0       0       0       0       0       0
      Totals:         0       0       0       0       0       0       0       0       0
Total ram usage:        0 bytes
 Hardware stack levels used:    1
 This function calls:
		Nothing
 This function is called by:
		_I2C_Write
		_I2C_Read
 This function uses a non-reentrant model


 *************** function _I2C_Nack *****************
 Defined at:
		line 77 in file "../I2C_Source_File.c"
 Parameters:    Size  Location     Type
		None
 Auto vars:     Size  Location     Type
		None
 Return value:  Size  Location     Type
                  1    wreg      void 
 Registers used:
		None
 Tracked objects:
		On entry : 
		On exit  : 
		Unchanged: 
 Data sizes:     COMRAM   BANK0   BANK1   BANK2   BANK3   BANK4   BANK5   BANK6   BANK7
      Params:         0       0       0       0       0       0       0       0       0
      Locals:         0       0       0       0       0       0       0       0       0
      Temps:          0       0       0       0       0       0       0       0       0
      Totals:         0       0       0       0       0       0       0       0       0
Total ram usage:        0 bytes
 Hardware stack levels used:    1
 This function calls:
		Nothing
 This function is called by:
		_I2C_Read
 This function uses a non-reentrant model


 *************** function _I2C_Ack *****************
 Defined at:
		line 70 in file "../I2C_Source_File.c"
 Parameters:    Size  Location     Type
		None
 Auto vars:     Size  Location     Type
		None
 Return value:  Size  Location     Type
                  1    wreg      void 
 Registers used:
		None
 Tracked objects:
		On entry : 
		On exit  : 
		Unchanged: 
 Data sizes:     COMRAM   BANK0   BANK1   BANK2   BANK3   BANK4   BANK5   BANK6   BANK7
      Params:         0       0       0       0       0       0       0       0       0
      Locals:         0       0       0       0       0       0       0       0       0
      Temps:          0       0       0       0       0       0       0       0       0
      Totals:         0       0       0       0       0       0       0       0       0
Total ram usage:        0 bytes
 Hardware stack levels used:    1
 This function calls:
		Nothing
 This function is called by:
		_I2C_Read
 This function uses a non-reentrant model


 *************** function _I2C_Init *****************
 Defined at:
		line 5 in file "../I2C_Source_File.c"
 Parameters:    Size  Location     Type
		None
 Auto vars:     Size  Location     Type
		None
 Return value:  Size  Location     Type
                  1    wreg      void 
 Registers used:
		wreg, status,2
 Tracked objects:
		On entry : 
		On exit  : 
		Unchanged: 
 Data sizes:     COMRAM   BANK0   BANK1   BANK2   BANK3   BANK4   BANK5   BANK6   BANK7
      Params:         0       0       0       0       0       0       0       0       0
      Locals:         0       0       0       0       0       0       0       0       0
      Temps:          0       0       0       0       0       0       0       0       0
      Totals:         0       0       0       0       0       0       0       0       0
Total ram usage:        0 bytes
 Hardware stack levels used:    1
 This function calls:
		Nothing
 This function is called by:
		_main
 This function uses a non-reentrant model



MODULE INFORMATION

Module		Function		Class		Link	Load	Size
C:\Program Files (x86)\Microchip\xc8\v1.45\sources\common\ftneg.c
		___ftneg       		CODE           	1A14	0000	37

C:\Program Files (x86)\Microchip\xc8\v1.45\sources\common\ftneg.c estimated size: 37

C:\Program Files (x86)\Microchip\xc8\v1.45\sources\common\float.c
		___ftpack      		CODE           	1462	0000	175

C:\Program Files (x86)\Microchip\xc8\v1.45\sources\common\float.c estimated size: 175

../mylcd.c
		_BusyXLCD      		CODE           	18DE	0000	59
		_putsXLCD      		CODE           	19E6	0000	47
		_WriteCmdXLCD  		CODE           	18A0	0000	63
		_OpenXLCD      		CODE           	1510	0000	165
		_WriteDataXLCD 		CODE           	1862	0000	63
		_SetDDRamAddr  		CODE           	1810	0000	83
		_putrsXLCD     		CODE           	17B4	0000	93

../mylcd.c estimated size: 573

C:\Program Files (x86)\Microchip\xc8\v1.45\sources\common\ftge.c
		___ftge        		CODE           	15B4	0000	145

C:\Program Files (x86)\Microchip\xc8\v1.45\sources\common\ftge.c estimated size: 145

../PIC_MPU-6050.c
		_escreve       		CODE           	1294	0000	233
		_main          		CODE           	082C	0000	1065
		_DelayFor18TCY 		CODE           	1B42	0000	9
		_MPU_Start_Loc 		CODE           	1AF4	0000	21
		_limpa         		CODE           	1A5C	0000	31
		_inic_XLCD     		CODE           	1984	0000	51
		_MPU6050_Init  		CODE           	16C8	0000	125
		_traduz        		CODE           	0C54	0000	685
		_Mydelay       		CODE           	1950	0000	53
		_DelayPORXLCD  		CODE           	1B08	0000	17

../PIC_MPU-6050.c estimated size: 2290

C:\Program Files (x86)\Microchip\xc8\v1.45\sources\common\ftmul.c
		___ftmul       		CODE           	11A0	0000	245

C:\Program Files (x86)\Microchip\xc8\v1.45\sources\common\ftmul.c estimated size: 245

C:\Program Files (x86)\Microchip\xc8\v1.45\sources\common\awmod.c
		___awmod       		CODE           	1744	0000	113

C:\Program Files (x86)\Microchip\xc8\v1.45\sources\common\awmod.c estimated size: 113

../I2C_Source_File.c
		_I2C_Start_Wait		CODE           	1A7A	0000	31
		_I2C_Write     		CODE           	1ADE	0000	23
		_I2C_Stop      		CODE           	1B18	0000	13
		_I2C_Read      		CODE           	1A38	0000	37
		_I2C_Ready     		CODE           	1B4A	0000	9
		_I2C_Init      		CODE           	1A98	0000	27
		_I2C_Repeated_Start		CODE           	1AC8	0000	23
		_I2C_Ack       		CODE           	1B38	0000	11
		_I2C_Nack      		CODE           	1B2E	0000	11

../I2C_Source_File.c estimated size: 185

C:\Program Files (x86)\Microchip\xc8\v1.45\sources\common\ftdiv.c
		___ftdiv       		CODE           	137C	0000	231

C:\Program Files (x86)\Microchip\xc8\v1.45\sources\common\ftdiv.c estimated size: 231

shared
		__initialization		CODE           	1B24	0000	1

shared estimated size: 1

C:\Program Files (x86)\Microchip\xc8\v1.45\sources\common\fttol.c
		___fttol       		CODE           	10AC	0000	245

C:\Program Files (x86)\Microchip\xc8\v1.45\sources\common\fttol.c estimated size: 245

C:\Program Files (x86)\Microchip\xc8\v1.45\sources\common\awtoft.c
		___awtoft      		CODE           	1918	0000	57

C:\Program Files (x86)\Microchip\xc8\v1.45\sources\common\awtoft.c estimated size: 57

C:\Program Files (x86)\Microchip\xc8\v1.45\sources\common\awdiv.c
		___awdiv       		CODE           	1644	0000	133

C:\Program Files (x86)\Microchip\xc8\v1.45\sources\common\awdiv.c estimated size: 133

C:\Program Files (x86)\Microchip\xc8\v1.45\sources\common\ftadd.c
		___ftadd       		CODE           	0F00	0000	429

C:\Program Files (x86)\Microchip\xc8\v1.45\sources\common\ftadd.c estimated size: 429

C:\Program Files (x86)\Microchip\xc8\v1.45\sources\pic18\d10ktcyx.c
		_Delay10KTCYx  		CODE           	1AB2	0000	23

C:\Program Files (x86)\Microchip\xc8\v1.45\sources\pic18\d10ktcyx.c estimated size: 23

C:\Program Files (x86)\Microchip\xc8\v1.45\sources\common\strcpy.c
		_strcpy        		CODE           	19B6	0000	49

C:\Program Files (x86)\Microchip\xc8\v1.45\sources\common\strcpy.c estimated size: 49

