Microchip MPLAB XC8 Compiler V1.45 ()

Linker command line:

-W-3 --edf=C:\Program Files (x86)\Microchip\xc8\v1.45\dat\en_msgs.txt -cs \
  -h+dist/default/production\Ultrassom.X.production.sym \
  --cmf=dist/default/production\Ultrassom.X.production.cmf -z -Q18F4550 \
  -oC:\Users\USER_I~1\AppData\Local\Temp\s610.2 \
  -Mdist/default/production/Ultrassom.X.production.map -E1 -ver=XC8 \
  -ASTACK=06Dh-07ffh -pstack=STACK -ACODE=00h-07FFFh -ACONST=00h-07FFFh \
  -ASMALLCONST=0800h-08FFhx120 -AMEDIUMCONST=0800h-07FFFh -ACOMRAM=01h-05Fh \
  -AABS1=00h-07FFh -ABIGRAM=01h-07FFh -ARAM=060h-0FFh,0100h-01FFhx7 \
  -ABANK0=060h-0FFh -ABANK1=0100h-01FFh -ABANK2=0200h-02FFh \
  -ABANK3=0300h-03FFh -ABANK4=0400h-04FFh -ABANK5=0500h-05FFh \
  -ABANK6=0600h-06FFh -ABANK7=0700h-07FFh -ASFR=0F60h-0FFFh \
  -preset_vec=00h,intcode=08h,intcodelo,powerup,init -pramtop=0800h \
  -psmallconst=SMALLCONST -pmediumconst=MEDIUMCONST -pconst=CONST \
  -AFARRAM=00h-00h -ACONFIG=0300000h-030000Dh -pconfig=CONFIG \
  -AIDLOC=0200000h-0200007h -pidloc=IDLOC -AEEDATA=0F00000h-0F000FFh \
  -peeprom_data=EEDATA \
  -prdata=COMRAM,nvrram=COMRAM,nvbit=COMRAM,rbss=COMRAM,rbit=COMRAM \
  -pfarbss=FARRAM,fardata=FARRAM,nvFARRAM=FARRAM \
  -pintsave_regs=BIGRAM,bigbss=BIGRAM,bigdata=BIGRAM -pbss=RAM \
  -pidata=CODE,irdata=CODE,ibigdata=CODE,ifardata=CODE -prparam=COMRAM \
  C:\Users\USER_I~1\AppData\Local\Temp\s610.obj \
  dist/default/production\Ultrassom.X.production.obj 

Object code version is 3.11

Machine type is 18F4550

Call graph: (short form)




                Name                               Link     Load   Length Selector   Space Scale
C:\Users\USER_I~1\AppData\Local\Temp\s610.obj
                init                                  E        E        4        4       0
                reset_vec                             0        0        4        0       0
                idloc                            200000   200000        8   200000       0
                config                           300000   300000        E   300000       0
dist/default/production\Ultrassom.X.production.obj
                intcode                               8        8        6        4       0
                temp                                 38       38        1        1       1
                smallconst                          800      800       16      400       0
                text26                              FF8      FF8       18      40B       0
                text25                             103A     103A       14      40B       0
                text24                             1072     1072       12      40B       0
                text23                              CAE      CAE       82      40B       0
                text22                              A54      A54       AE      40B       0
                intcode_body                        99C      99C       B8      40B       0
                text20                             1026     1026       14      40B       0
                text19                              F74      F74       2A      40B       0
                text18                             1060     1060       12      40B       0
                text17                             104E     104E       12      40B       0
                text16                             1084     1084        8      40B       0
                text15                              DFC      DFC       52      40B       0
                text14                              C2A      C2A       84      40B       0
                text13                              F08      F08       3A      40B       0
                text12                              ECA      ECA       3E      40B       0
                text11                              DA0      DA0       5C      40B       0
                text10                              BA6      BA6       84      40B       0
                text9                               D30      D30       70      40B       0
                text8                               816      816       CA      40B       0
                text7                               F9E      F9E       26      40B       0
                text6                               8E0      8E0       BC      40B       0
                text5                              1010     1010       16      40B       0
                text4                               FDE      FDE       1A      40B       0
                text3                               E8C      E8C       3E      40B       0
                text2                               B02      B02       A4      40B       0
                text1                               F42      F42       32      40B       0
                text0                               E4E      E4E       3E      40B       0
                cstackCOMRAM                          1        1       2D        1       1
                cstackBANK0                          60       60        D       60       1
                bssCOMRAM                            2E       2E        A        1       1
                cinit                               FC4      FC4       1A      40B       0

TOTAL           Name                               Link     Load   Length     Space
        CLASS   STACK          

        CLASS   CODE           
                intcode                               8        8        6         0
                init                                  E        E        4         0
                reset_vec                             0        0        4         0
                text26                              FF8      FF8       18         0
                text25                             103A     103A       14         0
                text24                             1072     1072       12         0
                text23                              CAE      CAE       82         0
                text22                              A54      A54       AE         0
                intcode_body                        99C      99C       B8         0
                text20                             1026     1026       14         0
                text19                              F74      F74       2A         0
                text18                             1060     1060       12         0
                text17                             104E     104E       12         0
                text16                             1084     1084        8         0
                text15                              DFC      DFC       52         0
                text14                              C2A      C2A       84         0
                text13                              F08      F08       3A         0
                text12                              ECA      ECA       3E         0
                text11                              DA0      DA0       5C         0
                text10                              BA6      BA6       84         0
                text9                               D30      D30       70         0
                text8                               816      816       CA         0
                text7                               F9E      F9E       26         0
                text6                               8E0      8E0       BC         0
                text5                              1010     1010       16         0
                text4                               FDE      FDE       1A         0
                text3                               E8C      E8C       3E         0
                text2                               B02      B02       A4         0
                text1                               F42      F42       32         0
                text0                               E4E      E4E       3E         0
                cinit                               FC4      FC4       1A         0

        CLASS   CONST          

        CLASS   SMALLCONST     
                smallconst                          800      800       16         0

        CLASS   MEDIUMCONST    

        CLASS   COMRAM         
                temp                                 38       38        1         1
                cstackCOMRAM                          1        1       2D         1
                bssCOMRAM                            2E       2E        A         1

        CLASS   ABS1           

        CLASS   BIGRAM         

        CLASS   RAM            

        CLASS   BANK0          
                cstackBANK0                          60       60        D         1

        CLASS   BANK1          

        CLASS   BANK2          

        CLASS   BANK3          

        CLASS   BANK4          

        CLASS   BANK5          

        CLASS   BANK6          

        CLASS   BANK7          

        CLASS   SFR            

        CLASS   FARRAM         

        CLASS   CONFIG         
                config                           300000   300000        E         0

        CLASS   IDLOC          
                idloc                            200000   200000        8         0

        CLASS   EEDATA         



SEGMENTS        Name                           Load    Length   Top    Selector   Space  Class

                reset_vec                      000000  000004  000004         0       0  CODE    
                cstackCOMRAM                   000001  000038  000039         1       1  COMRAM  
                intcode                        000008  00000A  000012         4       0  CODE    
                cstackBANK0                    000060  00000D  00006D        60       1  BANK0   
                smallconst                     000800  000016  000816       400       0  SMALLCON
                text8                          000816  000876  00108C       40B       0  CODE    
                idloc                          200000  000008  200008    200000       0  IDLOC   
                config                         300000  00000E  30000E    300000       0  CONFIG  


UNUSED ADDRESS RANGES

        Name                Unused          Largest block    Delta
        BANK0            00006D-0000FF               93
        BANK1            000100-0001FF              100
        BANK2            000200-0002FF              100
        BANK3            000300-0003FF              100
        BANK4            000400-0004FF              100
        BANK5            000500-0005FF              100
        BANK6            000600-0006FF              100
        BANK7            000700-0007FF              100
        BIGRAM           000039-00005F               27
                         00006D-0007FF              793
        CODE             000004-000007                4
                         000012-0007FF              7EE
                         00108C-007FFF             6F74
        COMRAM           000039-00005F               27
        CONST            000004-000007                4
                         000012-0007FF              7EE
                         00108C-007FFF             6F74
        EEDATA           F00000-F000FF              100
        MEDIUMCONST      00108C-007FFF             6F74
        RAM              00006D-0007FF              100
        SFR              000F60-000FFF               A0
        SMALLCONST       00108C-007FFF              100
        STACK            00006D-0007FF              793

                                  Symbol Table

?_ReadCapture1                  cstackCOMRAM 000001
?___awdiv                       cstackCOMRAM 000026
?___awmod                       cstackCOMRAM 000026
?___lldiv                       cstackCOMRAM 000026
?i2___lldiv                     cstackCOMRAM 000001
Delay10KTCYx@unit               cstackCOMRAM 000027
OpenCapture1@config             cstackCOMRAM 000026
OpenTimer1@config               cstackCOMRAM 000026
OpenXLCD@lcdtype                cstackCOMRAM 00002A
ReadCapture1@Cap                cstackCOMRAM 000003
SetDDRamAddr@DDaddr             cstackCOMRAM 000029
SetTmrCCPSrc@config             cstackCOMRAM 000026
WriteCmdXLCD@cmd                cstackCOMRAM 000026
WriteDataXLCD@data              cstackCOMRAM 000026
WriteTimer1@timer               cstackCOMRAM 000028
WriteTimer1@timer1              cstackCOMRAM 000026
_BusyXLCD                       text13       000F08
_CCP1CON                        (abs)        000FBD
_CCPR1H                         (abs)        000FBF
_CCPR1L                         (abs)        000FBE
_CMCON                          (abs)        000FB4
_CapStatus                      bssCOMRAM    000032
_Delay10KTCYx                   text5        001010
_DelayFor18TCY                  text16       001084
_DelayPORXLCD                   text4        000FDE
_INTCON                         (abs)        000FF2
_IPR1bits                       (abs)        000F9F
_LATDbits                       (abs)        000F8C
_OpenCapture1                   text20       001026
_OpenTimer1                     text19       000F74
_OpenXLCD                       text2        000B02
_PIE1bits                       (abs)        000F9D
_PIR1                           (abs)        000F9E
_PIR1bits                       (abs)        000F9E
_PORTCbits                      (abs)        000F82
_PORTD                          (abs)        000F83
_RCONbits                       (abs)        000FD0
_ReadCapture1                   text26       000FF8
_SetDDRamAddr                   text15       000DFC
_SetTmrCCPSrc                   text18       001060
_T1CON                          (abs)        000FCD
_T1CONbits                      (abs)        000FCD
_T3CON                          (abs)        000FB1
_TMR1H                          (abs)        000FCF
_TMR1L                          (abs)        000FCE
_TRISB                          (abs)        000F93
_TRISC                          (abs)        000F94
_TRISCbits                      (abs)        000F94
_TRISD                          (abs)        000F95
_TRISDbits                      (abs)        000F95
_WriteCmdXLCD                   text3        000E8C
_WriteDataXLCD                  text12       000ECA
_WriteTimer1                    text17       00104E
__CFG_BOR$OFF                   (abs)        000000
__CFG_BORV$1                    (abs)        000000
__CFG_CCP2MX$ON                 (abs)        000000
__CFG_CP0$OFF                   (abs)        000000
__CFG_CP1$OFF                   (abs)        000000
__CFG_CP2$OFF                   (abs)        000000
__CFG_CP3$OFF                   (abs)        000000
__CFG_CPB$OFF                   (abs)        000000
__CFG_CPD$OFF                   (abs)        000000
__CFG_CPUDIV$OSC1_PLL2          (abs)        000000
__CFG_EBTR0$OFF                 (abs)        000000
__CFG_EBTR1$OFF                 (abs)        000000
__CFG_EBTR2$OFF                 (abs)        000000
__CFG_EBTR3$OFF                 (abs)        000000
__CFG_EBTRB$OFF                 (abs)        000000
__CFG_FCMEN$OFF                 (abs)        000000
__CFG_FOSC$HS                   (abs)        000000
__CFG_ICPRT$OFF                 (abs)        000000
__CFG_IESO$OFF                  (abs)        000000
__CFG_LPT1OSC$OFF               (abs)        000000
__CFG_LVP$OFF                   (abs)        000000
__CFG_MCLRE$ON                  (abs)        000000
__CFG_PBADEN$OFF                (abs)        000000
__CFG_PLLDIV$1                  (abs)        000000
__CFG_PWRT$OFF                  (abs)        000000
__CFG_STVREN$OFF                (abs)        000000
__CFG_USBDIV$1                  (abs)        000000
__CFG_VREGEN$OFF                (abs)        000000
__CFG_WDT$OFF                   (abs)        000000
__CFG_WDTPS$32768               (abs)        000000
__CFG_WRT0$OFF                  (abs)        000000
__CFG_WRT1$OFF                  (abs)        000000
__CFG_WRT2$OFF                  (abs)        000000
__CFG_WRT3$OFF                  (abs)        000000
__CFG_WRTB$OFF                  (abs)        000000
__CFG_WRTC$OFF                  (abs)        000000
__CFG_WRTD$OFF                  (abs)        000000
__CFG_XINST$OFF                 (abs)        000000
__HRAM                          (abs)        000000
__Habs1                         abs1         000000
__Hbank0                        bank0        000000
__Hbank1                        bank1        000000
__Hbank2                        bank2        000000
__Hbank3                        bank3        000000
__Hbank4                        bank4        000000
__Hbank5                        bank5        000000
__Hbank6                        bank6        000000
__Hbank7                        bank7        000000
__Hbigbss                       bigbss       000000
__Hbigdata                      bigdata      000000
__Hbigram                       bigram       000000
__Hbss                          bss          000000
__HbssCOMRAM                    bssCOMRAM    000000
__Hcinit                        cinit        000000
__Hclrtext                      clrtext      000000
__Hcomram                       comram       000000
__Hconfig                       config       30000E
__Hconst                        const        000000
__HcstackBANK0                  cstackBANK0  000000
__HcstackCOMRAM                 cstackCOMRAM 000000
__Hdata                         data         000000
__Heeprom_data                  eeprom_data  000000
__Hfarbss                       farbss       000000
__Hfardata                      fardata      000000
__Hibigdata                     ibigdata     000000
__Hidata                        idata        000000
__Hidloc                        idloc        200008
__Hifardata                     ifardata     000000
__Hinit                         init         000012
__Hintcode                      intcode      00000E
__Hintcode_body                 intcode_body 000000
__Hintcodelo                    intcodelo    00000E
__Hintentry                     intentry     000000
__Hintret                       intret       000000
__Hintsave_regs                 intsave_regs 000000
__Hirdata                       irdata       000000
__Hmediumconst                  mediumconst  000000
__HnvFARRAM                     nvFARRAM     000000
__Hnvbit                        nvbit        000000
__Hnvrram                       nvrram       000000
__Hparam                        rparam       000000
__Hpowerup                      powerup      00000E
__Hram                          ram          000000
__Hramtop                       ramtop       000800
__Hrbit                         rbit         000000
__Hrbss                         rbss         000000
__Hrdata                        rdata        000000
__Hreset_vec                    reset_vec    000004
__Hrparam                       rparam       000000
__Hsfr                          sfr          000000
__Hsmallconst                   smallconst   000816
__Hspace_0                      (abs)        30000E
__Hspace_1                      (abs)        00006D
__Hspace_2                      (abs)        000000
__Hstack                        stack        000000
__Hstruct                       struct       000000
__Htemp                         temp         000039
__Htext                         text         000000
__Htext0                        text0        000000
__Htext1                        text1        000000
__Htext10                       text10       000000
__Htext11                       text11       000000
__Htext12                       text12       000000
__Htext13                       text13       000000
__Htext14                       text14       000000
__Htext15                       text15       000000
__Htext16                       text16       000000
__Htext17                       text17       000000
__Htext18                       text18       000000
__Htext19                       text19       000000
__Htext2                        text2        000000
__Htext20                       text20       000000
__Htext22                       text22       000000
__Htext23                       text23       000000
__Htext24                       text24       000000
__Htext25                       text25       000000
__Htext26                       text26       000000
__Htext3                        text3        000000
__Htext4                        text4        000000
__Htext5                        text5        000000
__Htext6                        text6        000000
__Htext7                        text7        000000
__Htext8                        text8        000000
__Htext9                        text9        000000
__LRAM                          (abs)        000001
__Labs1                         abs1         000000
__Lbank0                        bank0        000000
__Lbank1                        bank1        000000
__Lbank2                        bank2        000000
__Lbank3                        bank3        000000
__Lbank4                        bank4        000000
__Lbank5                        bank5        000000
__Lbank6                        bank6        000000
__Lbank7                        bank7        000000
__Lbigbss                       bigbss       000000
__Lbigdata                      bigdata      000000
__Lbigram                       bigram       000000
__Lbss                          bss          000000
__LbssCOMRAM                    bssCOMRAM    000000
__Lcinit                        cinit        000000
__Lclrtext                      clrtext      000000
__Lcomram                       comram       000000
__Lconfig                       config       300000
__Lconst                        const        000000
__LcstackBANK0                  cstackBANK0  000000
__LcstackCOMRAM                 cstackCOMRAM 000000
__Ldata                         data         000000
__Leeprom_data                  eeprom_data  000000
__Lfarbss                       farbss       000000
__Lfardata                      fardata      000000
__Libigdata                     ibigdata     000000
__Lidata                        idata        000000
__Lidloc                        idloc        200000
__Lifardata                     ifardata     000000
__Linit                         init         00000E
__Lintcode                      intcode      000008
__Lintcode_body                 intcode_body 000000
__Lintcodelo                    intcodelo    00000E
__Lintentry                     intentry     000000
__Lintret                       intret       000000
__Lintsave_regs                 intsave_regs 000000
__Lirdata                       irdata       000000
__Lmediumconst                  mediumconst  000000
__LnvFARRAM                     nvFARRAM     000000
__Lnvbit                        nvbit        000000
__Lnvrram                       nvrram       000000
__Lparam                        rparam       000000
__Lpowerup                      powerup      00000E
__Lram                          ram          000000
__Lramtop                       ramtop       000800
__Lrbit                         rbit         000000
__Lrbss                         rbss         000000
__Lrdata                        rdata        000000
__Lreset_vec                    reset_vec    000000
__Lrparam                       rparam       000000
__Lsfr                          sfr          000000
__Lsmallconst                   smallconst   000800
__Lspace_0                      (abs)        000000
__Lspace_1                      (abs)        000000
__Lspace_2                      (abs)        000000
__Lstack                        stack        000000
__Lstruct                       struct       000000
__Ltemp                         temp         000038
__Ltext                         text         000000
__Ltext0                        text0        000000
__Ltext1                        text1        000000
__Ltext10                       text10       000000
__Ltext11                       text11       000000
__Ltext12                       text12       000000
__Ltext13                       text13       000000
__Ltext14                       text14       000000
__Ltext15                       text15       000000
__Ltext16                       text16       000000
__Ltext17                       text17       000000
__Ltext18                       text18       000000
__Ltext19                       text19       000000
__Ltext2                        text2        000000
__Ltext20                       text20       000000
__Ltext22                       text22       000000
__Ltext23                       text23       000000
__Ltext24                       text24       000000
__Ltext25                       text25       000000
__Ltext26                       text26       000000
__Ltext3                        text3        000000
__Ltext4                        text4        000000
__Ltext5                        text5        000000
__Ltext6                        text6        000000
__Ltext7                        text7        000000
__Ltext8                        text8        000000
__Ltext9                        text9        000000
__S0                            (abs)        30000E
__S1                            (abs)        00006D
__S2                            (abs)        000000
___awdiv                        text10       000BA6
___awdiv@counter                cstackCOMRAM 00002A
___awdiv@dividend               cstackCOMRAM 000026
___awdiv@divisor                cstackCOMRAM 000028
___awdiv@quotient               cstackCOMRAM 00002C
___awdiv@sign                   cstackCOMRAM 00002B
___awmod                        text9        000D30
___awmod@counter                cstackCOMRAM 00002A
___awmod@dividend               cstackCOMRAM 000026
___awmod@divisor                cstackCOMRAM 000028
___awmod@sign                   cstackCOMRAM 00002B
___inthi_sp                     stack        000000
___intlo_sp                     stack        000000
___lldiv                        text14       000C2A
___lldiv@counter                cstackBANK0  000064
___lldiv@dividend               cstackCOMRAM 000026
___lldiv@divisor                cstackCOMRAM 00002A
___lldiv@quotient               cstackBANK0  000060
___param_bank                   (abs)        000000
___rparam_used                  (abs)        000001
___sp                           stack        000000
__accesstop                     (abs)        000060
__activetblptr                  (abs)        000002
__end_of_BusyXLCD               text13       000F42
__end_of_Delay10KTCYx           text5        001026
__end_of_DelayFor18TCY          text16       00108C
__end_of_DelayPORXLCD           text4        000FF8
__end_of_OpenCapture1           text20       00103A
__end_of_OpenTimer1             text19       000F9E
__end_of_OpenXLCD               text2        000BA6
__end_of_ReadCapture1           text26       001010
__end_of_SetDDRamAddr           text15       000E4E
__end_of_SetTmrCCPSrc           text18       001072
__end_of_WriteCmdXLCD           text3        000ECA
__end_of_WriteDataXLCD          text12       000F08
__end_of_WriteTimer1            text17       001060
__end_of___awdiv                text10       000C2A
__end_of___awmod                text9        000DA0
__end_of___lldiv                text14       000CAE
__end_of__initialization        cinit        000FD0
__end_of_captura                intcode_body 000A54
__end_of_distance               text6        00099C
__end_of_inic_XLCD              text1        000F74
__end_of_main                   text0        000E8C
__end_of_putsXLCD               text11       000DFC
__end_of_traduz                 text8        0008E0
__end_of_trata_interrup_CCP1    text22       000B02
__end_of_trigger                text7        000FC4
__end_ofi2_OpenCapture1         text25       00104E
__end_ofi2_WriteTimer1          text24       001084
__end_ofi2___lldiv              text23       000D30
__initialization                cinit        000FC4
__mediumconst                   mediumconst  000000
__pbssCOMRAM                    bssCOMRAM    00002E
__pcinit                        cinit        000FC4
__pcstackBANK0                  cstackBANK0  000060
__pcstackCOMRAM                 cstackCOMRAM 000001
__pintcode                      intcode      000008
__pintcode_body                 intcode_body 00099C
__psmallconst                   smallconst   000800
__ptext0                        text0        000E4E
__ptext1                        text1        000F42
__ptext10                       text10       000BA6
__ptext11                       text11       000DA0
__ptext12                       text12       000ECA
__ptext13                       text13       000F08
__ptext14                       text14       000C2A
__ptext15                       text15       000DFC
__ptext16                       text16       001084
__ptext17                       text17       00104E
__ptext18                       text18       001060
__ptext19                       text19       000F74
__ptext2                        text2        000B02
__ptext20                       text20       001026
__ptext22                       text22       000A54
__ptext23                       text23       000CAE
__ptext24                       text24       001072
__ptext25                       text25       00103A
__ptext26                       text26       000FF8
__ptext3                        text3        000E8C
__ptext4                        text4        000FDE
__ptext5                        text5        001010
__ptext6                        text6        0008E0
__ptext7                        text7        000F9E
__ptext8                        text8        000816
__ptext9                        text9        000D30
__ramtop                        ramtop       000800
__size_of_BusyXLCD              (abs)        000000
__size_of_Delay10KTCYx          (abs)        000000
__size_of_DelayFor18TCY         (abs)        000000
__size_of_DelayPORXLCD          (abs)        000000
__size_of_OpenCapture1          (abs)        000000
__size_of_OpenTimer1            (abs)        000000
__size_of_OpenXLCD              (abs)        000000
__size_of_ReadCapture1          (abs)        000000
__size_of_SetDDRamAddr          (abs)        000000
__size_of_SetTmrCCPSrc          (abs)        000000
__size_of_WriteCmdXLCD          (abs)        000000
__size_of_WriteDataXLCD         (abs)        000000
__size_of_WriteTimer1           (abs)        000000
__size_of___awdiv               (abs)        000000
__size_of___awmod               (abs)        000000
__size_of___lldiv               (abs)        000000
__size_of_captura               (abs)        000000
__size_of_distance              (abs)        000000
__size_of_inic_XLCD             (abs)        000000
__size_of_main                  (abs)        000000
__size_of_putsXLCD              (abs)        000000
__size_of_traduz                (abs)        000000
__size_of_trata_interrup_CCP1   (abs)        000000
__size_of_trigger               (abs)        000000
__size_ofi2_OpenCapture1        (abs)        000000
__size_ofi2_WriteTimer1         (abs)        000000
__size_ofi2___lldiv             (abs)        000000
__smallconst                    smallconst   000800
_captura                        intcode      000008
_distance                       text6        0008E0
_eventoInicio                   bssCOMRAM    000033
_inic_XLCD                      text1        000F42
_main                           text0        000E4E
_periodo                        bssCOMRAM    00002E
_putsXLCD                       text11       000DA0
_quant                          bssCOMRAM    000034
_traduz                         text8        000816
_trata_interrup_CCP1            text22       000A54
_trigger                        text7        000F9E
btemp                           temp         000038
distance@distancia_cm           cstackBANK0  00006B
distance@txt                    cstackBANK0  000067
end_of_initialization           cinit        000FD0
i2OpenCapture1@config           cstackCOMRAM 000001
i2WriteTimer1@timer             cstackCOMRAM 000003
i2WriteTimer1@timer1            cstackCOMRAM 000001
i2_OpenCapture1                 text25       00103A
i2_WriteTimer1                  text24       001072
i2___lldiv                      text23       000CAE
i2___lldiv@counter              cstackCOMRAM 00000D
i2___lldiv@dividend             cstackCOMRAM 000001
i2___lldiv@divisor              cstackCOMRAM 000005
i2___lldiv@quotient             cstackCOMRAM 000009
int$flags                       temp         000038
int_func                        intcode_body 00099C
intlevel0                       text         000000
intlevel1                       text         000000
intlevel2                       text         000000
intlevel3                       text         000000
putsXLCD@buffer                 cstackCOMRAM 000027
stackhi                         (abs)        0007FF
stacklo                         (abs)        00006D
start                           init         00000E
start_initialization            cinit        000FC4
traduz@a                        cstackBANK0  000064
traduz@b                        cstackBANK0  000065
traduz@c                        cstackBANK0  000066
traduz@numero                   cstackBANK0  000060
traduz@txt                      cstackBANK0  000062
trata_interrup_CCP1@valorTimer1 cstackCOMRAM 000012
wtemp6                          temp         000039


FUNCTION INFORMATION:

 *************** function _main *****************
 Defined at:
		line 127 in file "../../Main.c"
 Parameters:    Size  Location     Type
		None
 Auto vars:     Size  Location     Type
		None
 Return value:  Size  Location     Type
                  1    wreg      void 
 Registers used:
		wreg, fsr0l, fsr0h, fsr2l, fsr2h, status,2, status,0, tblptrl, tblptrh, tblptru, cstack
 Tracked objects:
		On entry : 
		On exit  : 
		Unchanged: 
 Data sizes:     COMRAM   BANK0   BANK1   BANK2   BANK3   BANK4   BANK5   BANK6   BANK7
      Params:         0       0       0       0       0       0       0       0       0
      Locals:         0       0       0       0       0       0       0       0       0
      Temps:          0       0       0       0       0       0       0       0       0
      Totals:         0       0       0       0       0       0       0       0       0
Total ram usage:        0 bytes
 Hardware stack levels required when called:    7
 This function calls:
		_OpenCapture1
		_OpenTimer1
		_SetTmrCCPSrc
		_WriteTimer1
		_distance
		_inic_XLCD
 This function is called by:
		Startup code after reset
 This function uses a non-reentrant model


 *************** function _inic_XLCD *****************
 Defined at:
		line 211 in file "../../Main.c"
 Parameters:    Size  Location     Type
		None
 Auto vars:     Size  Location     Type
		None
 Return value:  Size  Location     Type
                  1    wreg      void 
 Registers used:
		wreg, status,2, status,0, cstack
 Tracked objects:
		On entry : 
		On exit  : 
		Unchanged: 
 Data sizes:     COMRAM   BANK0   BANK1   BANK2   BANK3   BANK4   BANK5   BANK6   BANK7
      Params:         0       0       0       0       0       0       0       0       0
      Locals:         0       0       0       0       0       0       0       0       0
      Temps:          0       0       0       0       0       0       0       0       0
      Totals:         0       0       0       0       0       0       0       0       0
Total ram usage:        0 bytes
 Hardware stack levels used:    1
 Hardware stack levels required when called:    6
 This function calls:
		_BusyXLCD
		_OpenXLCD
		_WriteCmdXLCD
 This function is called by:
		_main
 This function uses a non-reentrant model


 *************** function _OpenXLCD *****************
 Defined at:
		line 63 in file "../../mylcd.c"
 Parameters:    Size  Location     Type
  lcdtype         1    wreg     unsigned char 
 Auto vars:     Size  Location     Type
  lcdtype         1   41[COMRAM] unsigned char 
 Return value:  Size  Location     Type
                  1    wreg      void 
 Registers used:
		wreg, status,2, status,0, cstack
 Tracked objects:
		On entry : 
		On exit  : 
		Unchanged: 
 Data sizes:     COMRAM   BANK0   BANK1   BANK2   BANK3   BANK4   BANK5   BANK6   BANK7
      Params:         0       0       0       0       0       0       0       0       0
      Locals:         1       0       0       0       0       0       0       0       0
      Temps:          0       0       0       0       0       0       0       0       0
      Totals:         1       0       0       0       0       0       0       0       0
Total ram usage:        1 bytes
 Hardware stack levels used:    1
 Hardware stack levels required when called:    5
 This function calls:
		_BusyXLCD
		_Delay10KTCYx
		_DelayPORXLCD
		_SetDDRamAddr
		_WriteCmdXLCD
 This function is called by:
		_inic_XLCD
 This function uses a non-reentrant model


 *************** function _WriteCmdXLCD *****************
 Defined at:
		line 309 in file "../../mylcd.c"
 Parameters:    Size  Location     Type
  cmd             1    wreg     unsigned char 
 Auto vars:     Size  Location     Type
  cmd             1   37[COMRAM] unsigned char 
 Return value:  Size  Location     Type
                  1    wreg      void 
 Registers used:
		wreg, status,2, status,0, cstack
 Tracked objects:
		On entry : 
		On exit  : 
		Unchanged: 
 Data sizes:     COMRAM   BANK0   BANK1   BANK2   BANK3   BANK4   BANK5   BANK6   BANK7
      Params:         0       0       0       0       0       0       0       0       0
      Locals:         1       0       0       0       0       0       0       0       0
      Temps:          0       0       0       0       0       0       0       0       0
      Totals:         1       0       0       0       0       0       0       0       0
Total ram usage:        1 bytes
 Hardware stack levels used:    1
 Hardware stack levels required when called:    4
 This function calls:
		_DelayFor18TCY
 This function is called by:
		_inic_XLCD
		_OpenXLCD
		_limpa
 This function uses a non-reentrant model


 *************** function _DelayPORXLCD *****************
 Defined at:
		line 240 in file "../../Main.c"
 Parameters:    Size  Location     Type
		None
 Auto vars:     Size  Location     Type
		None
 Return value:  Size  Location     Type
                  1    wreg      void 
 Registers used:
		wreg
 Tracked objects:
		On entry : 
		On exit  : 
		Unchanged: 
 Data sizes:     COMRAM   BANK0   BANK1   BANK2   BANK3   BANK4   BANK5   BANK6   BANK7
      Params:         0       0       0       0       0       0       0       0       0
      Locals:         0       0       0       0       0       0       0       0       0
      Temps:          2       0       0       0       0       0       0       0       0
      Totals:         2       0       0       0       0       0       0       0       0
Total ram usage:        2 bytes
 Hardware stack levels used:    1
 Hardware stack levels required when called:    3
 This function calls:
		Nothing
 This function is called by:
		_OpenXLCD
 This function uses a non-reentrant model


 *************** function _Delay10KTCYx *****************
 Defined at:
		line 8 in file "C:\Program Files (x86)\Microchip\xc8\v1.45\sources\pic18\d10ktcyx.c"
 Parameters:    Size  Location     Type
  unit            1    wreg     unsigned char 
 Auto vars:     Size  Location     Type
  unit            1   38[COMRAM] unsigned char 
 Return value:  Size  Location     Type
                  1    wreg      void 
 Registers used:
		wreg
 Tracked objects:
		On entry : 
		On exit  : 
		Unchanged: 
 Data sizes:     COMRAM   BANK0   BANK1   BANK2   BANK3   BANK4   BANK5   BANK6   BANK7
      Params:         0       0       0       0       0       0       0       0       0
      Locals:         1       0       0       0       0       0       0       0       0
      Temps:          1       0       0       0       0       0       0       0       0
      Totals:         2       0       0       0       0       0       0       0       0
Total ram usage:        2 bytes
 Hardware stack levels used:    1
 Hardware stack levels required when called:    3
 This function calls:
		Nothing
 This function is called by:
		_OpenXLCD
 This function uses a non-reentrant model


 *************** function _distance *****************
 Defined at:
		line 174 in file "../../Main.c"
 Parameters:    Size  Location     Type
		None
 Auto vars:     Size  Location     Type
  txt             4    7[BANK0 ] unsigned char [4]
  distancia_cm    2   11[BANK0 ] unsigned int 
 Return value:  Size  Location     Type
                  1    wreg      void 
 Registers used:
		wreg, fsr0l, fsr0h, fsr2l, fsr2h, status,2, status,0, tblptrl, tblptrh, tblptru, cstack
 Tracked objects:
		On entry : 
		On exit  : 
		Unchanged: 
 Data sizes:     COMRAM   BANK0   BANK1   BANK2   BANK3   BANK4   BANK5   BANK6   BANK7
      Params:         0       0       0       0       0       0       0       0       0
      Locals:         0       6       0       0       0       0       0       0       0
      Temps:          0       0       0       0       0       0       0       0       0
      Totals:         0       6       0       0       0       0       0       0       0
Total ram usage:        6 bytes
 Hardware stack levels used:    1
 Hardware stack levels required when called:    6
 This function calls:
		_BusyXLCD
		_SetDDRamAddr
		___lldiv
		_putsXLCD
		_traduz
		_trigger
 This function is called by:
		_main
 This function uses a non-reentrant model


 *************** function _trigger *****************
 Defined at:
		line 202 in file "../../Main.c"
 Parameters:    Size  Location     Type
		None
 Auto vars:     Size  Location     Type
		None
 Return value:  Size  Location     Type
                  1    wreg      void 
 Registers used:
		wreg
 Tracked objects:
		On entry : 
		On exit  : 
		Unchanged: 
 Data sizes:     COMRAM   BANK0   BANK1   BANK2   BANK3   BANK4   BANK5   BANK6   BANK7
      Params:         0       0       0       0       0       0       0       0       0
      Locals:         0       0       0       0       0       0       0       0       0
      Temps:          2       0       0       0       0       0       0       0       0
      Totals:         2       0       0       0       0       0       0       0       0
Total ram usage:        2 bytes
 Hardware stack levels used:    1
 Hardware stack levels required when called:    3
 This function calls:
		Nothing
 This function is called by:
		_distance
 This function uses a non-reentrant model


 *************** function _traduz *****************
 Defined at:
		line 157 in file "../../Main.c"
 Parameters:    Size  Location     Type
  numero          2    0[BANK0 ] int 
  txt             2    2[BANK0 ] PTR unsigned char 
		 -> distance@txt(4), 
 Auto vars:     Size  Location     Type
  c               1    6[BANK0 ] unsigned char 
  b               1    5[BANK0 ] unsigned char 
  a               1    4[BANK0 ] unsigned char 
  e               1    0        unsigned char 
  d               1    0        unsigned char 
 Return value:  Size  Location     Type
                  1    wreg      void 
 Registers used:
		wreg, fsr2l, fsr2h, status,2, status,0, cstack
 Tracked objects:
		On entry : 
		On exit  : 
		Unchanged: 
 Data sizes:     COMRAM   BANK0   BANK1   BANK2   BANK3   BANK4   BANK5   BANK6   BANK7
      Params:         0       4       0       0       0       0       0       0       0
      Locals:         0       3       0       0       0       0       0       0       0
      Temps:          0       0       0       0       0       0       0       0       0
      Totals:         0       7       0       0       0       0       0       0       0
Total ram usage:        7 bytes
 Hardware stack levels used:    1
 Hardware stack levels required when called:    4
 This function calls:
		___awdiv
		___awmod
 This function is called by:
		_distance
 This function uses a non-reentrant model


 *************** function ___awmod *****************
 Defined at:
		line 8 in file "C:\Program Files (x86)\Microchip\xc8\v1.45\sources\common\awmod.c"
 Parameters:    Size  Location     Type
  dividend        2   37[COMRAM] int 
  divisor         2   39[COMRAM] int 
 Auto vars:     Size  Location     Type
  sign            1   42[COMRAM] unsigned char 
  counter         1   41[COMRAM] unsigned char 
 Return value:  Size  Location     Type
                  2   37[COMRAM] int 
 Registers used:
		wreg, status,2, status,0
 Tracked objects:
		On entry : 
		On exit  : 
		Unchanged: 
 Data sizes:     COMRAM   BANK0   BANK1   BANK2   BANK3   BANK4   BANK5   BANK6   BANK7
      Params:         4       0       0       0       0       0       0       0       0
      Locals:         2       0       0       0       0       0       0       0       0
      Temps:          0       0       0       0       0       0       0       0       0
      Totals:         6       0       0       0       0       0       0       0       0
Total ram usage:        6 bytes
 Hardware stack levels used:    1
 Hardware stack levels required when called:    3
 This function calls:
		Nothing
 This function is called by:
		_traduz
 This function uses a non-reentrant model


 *************** function ___awdiv *****************
 Defined at:
		line 8 in file "C:\Program Files (x86)\Microchip\xc8\v1.45\sources\common\awdiv.c"
 Parameters:    Size  Location     Type
  dividend        2   37[COMRAM] int 
  divisor         2   39[COMRAM] int 
 Auto vars:     Size  Location     Type
  quotient        2   43[COMRAM] int 
  sign            1   42[COMRAM] unsigned char 
  counter         1   41[COMRAM] unsigned char 
 Return value:  Size  Location     Type
                  2   37[COMRAM] int 
 Registers used:
		wreg, status,2, status,0
 Tracked objects:
		On entry : 
		On exit  : 
		Unchanged: 
 Data sizes:     COMRAM   BANK0   BANK1   BANK2   BANK3   BANK4   BANK5   BANK6   BANK7
      Params:         4       0       0       0       0       0       0       0       0
      Locals:         4       0       0       0       0       0       0       0       0
      Temps:          0       0       0       0       0       0       0       0       0
      Totals:         8       0       0       0       0       0       0       0       0
Total ram usage:        8 bytes
 Hardware stack levels used:    1
 Hardware stack levels required when called:    3
 This function calls:
		Nothing
 This function is called by:
		_traduz
 This function uses a non-reentrant model


 *************** function _putsXLCD *****************
 Defined at:
		line 125 in file "../../mylcd.c"
 Parameters:    Size  Location     Type
  buffer          2   38[COMRAM] PTR unsigned char 
		 -> STR_2(4), STR_1(15), distance@txt(4), 
 Auto vars:     Size  Location     Type
		None
 Return value:  Size  Location     Type
                  1    wreg      void 
 Registers used:
		wreg, fsr0l, fsr0h, status,2, status,0, tblptrl, tblptrh, tblptru, cstack
 Tracked objects:
		On entry : 
		On exit  : 
		Unchanged: 
 Data sizes:     COMRAM   BANK0   BANK1   BANK2   BANK3   BANK4   BANK5   BANK6   BANK7
      Params:         2       0       0       0       0       0       0       0       0
      Locals:         0       0       0       0       0       0       0       0       0
      Temps:          0       0       0       0       0       0       0       0       0
      Totals:         2       0       0       0       0       0       0       0       0
Total ram usage:        2 bytes
 Hardware stack levels used:    1
 Hardware stack levels required when called:    5
 This function calls:
		_BusyXLCD
		_WriteDataXLCD
 This function is called by:
		_distance
 This function uses a non-reentrant model


 *************** function _WriteDataXLCD *****************
 Defined at:
		line 357 in file "../../mylcd.c"
 Parameters:    Size  Location     Type
  data            1    wreg     unsigned char 
 Auto vars:     Size  Location     Type
  data            1   37[COMRAM] unsigned char 
 Return value:  Size  Location     Type
                  1    wreg      void 
 Registers used:
		wreg, status,2, status,0, cstack
 Tracked objects:
		On entry : 
		On exit  : 
		Unchanged: 
 Data sizes:     COMRAM   BANK0   BANK1   BANK2   BANK3   BANK4   BANK5   BANK6   BANK7
      Params:         0       0       0       0       0       0       0       0       0
      Locals:         1       0       0       0       0       0       0       0       0
      Temps:          0       0       0       0       0       0       0       0       0
      Totals:         1       0       0       0       0       0       0       0       0
Total ram usage:        1 bytes
 Hardware stack levels used:    1
 Hardware stack levels required when called:    4
 This function calls:
		_DelayFor18TCY
 This function is called by:
		_putsXLCD
		_putrsXLCD
 This function uses a non-reentrant model


 *************** function _BusyXLCD *****************
 Defined at:
		line 4 in file "../../mylcd.c"
 Parameters:    Size  Location     Type
		None
 Auto vars:     Size  Location     Type
		None
 Return value:  Size  Location     Type
                  1    wreg      unsigned char 
 Registers used:
		wreg, cstack
 Tracked objects:
		On entry : 
		On exit  : 
		Unchanged: 
 Data sizes:     COMRAM   BANK0   BANK1   BANK2   BANK3   BANK4   BANK5   BANK6   BANK7
      Params:         0       0       0       0       0       0       0       0       0
      Locals:         0       0       0       0       0       0       0       0       0
      Temps:          0       0       0       0       0       0       0       0       0
      Totals:         0       0       0       0       0       0       0       0       0
Total ram usage:        0 bytes
 Hardware stack levels used:    1
 Hardware stack levels required when called:    4
 This function calls:
		_DelayFor18TCY
 This function is called by:
		_distance
		_inic_XLCD
		_OpenXLCD
		_putsXLCD
		_limpa
		_putrsXLCD
 This function uses a non-reentrant model


 *************** function ___lldiv *****************
 Defined at:
		line 8 in file "C:\Program Files (x86)\Microchip\xc8\v1.45\sources\common\lldiv.c"
 Parameters:    Size  Location     Type
  dividend        4   37[COMRAM] unsigned long 
  divisor         4   41[COMRAM] unsigned long 
 Auto vars:     Size  Location     Type
  quotient        4    0[BANK0 ] unsigned long 
  counter         1    4[BANK0 ] unsigned char 
 Return value:  Size  Location     Type
                  4   37[COMRAM] unsigned long 
 Registers used:
		wreg, status,2, status,0
 Tracked objects:
		On entry : 
		On exit  : 
		Unchanged: 
 Data sizes:     COMRAM   BANK0   BANK1   BANK2   BANK3   BANK4   BANK5   BANK6   BANK7
      Params:         8       0       0       0       0       0       0       0       0
      Locals:         0       5       0       0       0       0       0       0       0
      Temps:          0       0       0       0       0       0       0       0       0
      Totals:         8       5       0       0       0       0       0       0       0
Total ram usage:       13 bytes
 Hardware stack levels used:    1
 Hardware stack levels required when called:    3
 This function calls:
		Nothing
 This function is called by:
		_distance
 This function uses a non-reentrant model


 *************** function _SetDDRamAddr *****************
 Defined at:
		line 261 in file "../../mylcd.c"
 Parameters:    Size  Location     Type
  DDaddr          1    wreg     unsigned char 
 Auto vars:     Size  Location     Type
  DDaddr          1   40[COMRAM] unsigned char 
 Return value:  Size  Location     Type
                  1    wreg      void 
 Registers used:
		wreg, status,2, status,0, cstack
 Tracked objects:
		On entry : 
		On exit  : 
		Unchanged: 
 Data sizes:     COMRAM   BANK0   BANK1   BANK2   BANK3   BANK4   BANK5   BANK6   BANK7
      Params:         0       0       0       0       0       0       0       0       0
      Locals:         1       0       0       0       0       0       0       0       0
      Temps:          3       0       0       0       0       0       0       0       0
      Totals:         4       0       0       0       0       0       0       0       0
Total ram usage:        4 bytes
 Hardware stack levels used:    1
 Hardware stack levels required when called:    4
 This function calls:
		_DelayFor18TCY
 This function is called by:
		_distance
		_OpenXLCD
 This function uses a non-reentrant model


 *************** function _DelayFor18TCY *****************
 Defined at:
		line 235 in file "../../Main.c"
 Parameters:    Size  Location     Type
		None
 Auto vars:     Size  Location     Type
		None
 Return value:  Size  Location     Type
                  1    wreg      void 
 Registers used:
		wreg
 Tracked objects:
		On entry : 
		On exit  : 
		Unchanged: 
 Data sizes:     COMRAM   BANK0   BANK1   BANK2   BANK3   BANK4   BANK5   BANK6   BANK7
      Params:         0       0       0       0       0       0       0       0       0
      Locals:         0       0       0       0       0       0       0       0       0
      Temps:          0       0       0       0       0       0       0       0       0
      Totals:         0       0       0       0       0       0       0       0       0
Total ram usage:        0 bytes
 Hardware stack levels used:    1
 Hardware stack levels required when called:    3
 This function calls:
		Nothing
 This function is called by:
		_BusyXLCD
		_SetDDRamAddr
		_WriteCmdXLCD
		_WriteDataXLCD
		_ReadAddrXLCD
		_ReadDataXLCD
		_SetCGRamAddr
 This function uses a non-reentrant model


 *************** function _WriteTimer1 *****************
 Defined at:
		line 14 in file "C:\Program Files (x86)\Microchip\xc8\v1.45\sources\pic18\plib\Timers\t1write.c"
 Parameters:    Size  Location     Type
  timer1          2   37[COMRAM] unsigned int 
 Auto vars:     Size  Location     Type
  timer           2   39[COMRAM] struct Timers
 Return value:  Size  Location     Type
                  1    wreg      void 
 Registers used:
		None
 Tracked objects:
		On entry : 
		On exit  : 
		Unchanged: 
 Data sizes:     COMRAM   BANK0   BANK1   BANK2   BANK3   BANK4   BANK5   BANK6   BANK7
      Params:         2       0       0       0       0       0       0       0       0
      Locals:         2       0       0       0       0       0       0       0       0
      Temps:          0       0       0       0       0       0       0       0       0
      Totals:         4       0       0       0       0       0       0       0       0
Total ram usage:        4 bytes
 Hardware stack levels used:    1
 Hardware stack levels required when called:    3
 This function calls:
		Nothing
 This function is called by:
		_main
 This function uses a non-reentrant model


 *************** function _SetTmrCCPSrc *****************
 Defined at:
		line 17 in file "C:\Program Files (x86)\Microchip\xc8\v1.45\sources\pic18\plib\Timers\tmrccpsrc.c"
 Parameters:    Size  Location     Type
  config          1    wreg     unsigned char 
 Auto vars:     Size  Location     Type
  config          1   37[COMRAM] unsigned char 
 Return value:  Size  Location     Type
                  1    wreg      void 
 Registers used:
		wreg, status,2, status,0
 Tracked objects:
		On entry : 
		On exit  : 
		Unchanged: 
 Data sizes:     COMRAM   BANK0   BANK1   BANK2   BANK3   BANK4   BANK5   BANK6   BANK7
      Params:         0       0       0       0       0       0       0       0       0
      Locals:         1       0       0       0       0       0       0       0       0
      Temps:          0       0       0       0       0       0       0       0       0
      Totals:         1       0       0       0       0       0       0       0       0
Total ram usage:        1 bytes
 Hardware stack levels used:    1
 Hardware stack levels required when called:    3
 This function calls:
		Nothing
 This function is called by:
		_main
 This function uses a non-reentrant model


 *************** function _OpenTimer1 *****************
 Defined at:
		line 16 in file "C:\Program Files (x86)\Microchip\xc8\v1.45\sources\pic18\plib\Timers\t1open.c"
 Parameters:    Size  Location     Type
  config          1    wreg     unsigned char 
 Auto vars:     Size  Location     Type
  config          1   37[COMRAM] unsigned char 
 Return value:  Size  Location     Type
                  1    wreg      void 
 Registers used:
		wreg, status,2, status,0
 Tracked objects:
		On entry : 
		On exit  : 
		Unchanged: 
 Data sizes:     COMRAM   BANK0   BANK1   BANK2   BANK3   BANK4   BANK5   BANK6   BANK7
      Params:         0       0       0       0       0       0       0       0       0
      Locals:         1       0       0       0       0       0       0       0       0
      Temps:          0       0       0       0       0       0       0       0       0
      Totals:         1       0       0       0       0       0       0       0       0
Total ram usage:        1 bytes
 Hardware stack levels used:    1
 Hardware stack levels required when called:    3
 This function calls:
		Nothing
 This function is called by:
		_main
 This function uses a non-reentrant model


 *************** function _OpenCapture1 *****************
 Defined at:
		line 31 in file "C:\Program Files (x86)\Microchip\xc8\v1.45\sources\pic18\plib\CCP\cp1open.c"
 Parameters:    Size  Location     Type
  config          1    wreg     unsigned char 
 Auto vars:     Size  Location     Type
  config          1   37[COMRAM] unsigned char 
 Return value:  Size  Location     Type
                  1    wreg      void 
 Registers used:
		wreg, status,2, status,0
 Tracked objects:
		On entry : 
		On exit  : 
		Unchanged: 
 Data sizes:     COMRAM   BANK0   BANK1   BANK2   BANK3   BANK4   BANK5   BANK6   BANK7
      Params:         0       0       0       0       0       0       0       0       0
      Locals:         1       0       0       0       0       0       0       0       0
      Temps:          0       0       0       0       0       0       0       0       0
      Totals:         1       0       0       0       0       0       0       0       0
Total ram usage:        1 bytes
 Hardware stack levels used:    1
 Hardware stack levels required when called:    3
 This function calls:
		Nothing
 This function is called by:
		_main
 This function uses a non-reentrant model


 *************** function _captura *****************
 Defined at:
		line 91 in file "../../Main.c"
 Parameters:    Size  Location     Type
		None
 Auto vars:     Size  Location     Type
		None
 Return value:  Size  Location     Type
                  1    wreg      void 
 Registers used:
		wreg, status,2, status,0, cstack
 Tracked objects:
		On entry : 
		On exit  : 
		Unchanged: 
 Data sizes:     COMRAM   BANK0   BANK1   BANK2   BANK3   BANK4   BANK5   BANK6   BANK7
      Params:         0       0       0       0       0       0       0       0       0
      Locals:         0       0       0       0       0       0       0       0       0
      Temps:         18       0       0       0       0       0       0       0       0
      Totals:        18       0       0       0       0       0       0       0       0
Total ram usage:       18 bytes
 Hardware stack levels used:    1
 Hardware stack levels required when called:    2
 This function calls:
		_trata_interrup_CCP1
 This function is called by:
		Interrupt level 2
 This function uses a non-reentrant model


 *************** function _trata_interrup_CCP1 *****************
 Defined at:
		line 104 in file "../../Main.c"
 Parameters:    Size  Location     Type
		None
 Auto vars:     Size  Location     Type
  tempofloat      3    0        float 
  valorTimer1     2   17[COMRAM] unsigned int 
  tempo8bits      1    0        unsigned char 
 Return value:  Size  Location     Type
                  1    wreg      void 
 Registers used:
		wreg, status,2, status,0, cstack
 Tracked objects:
		On entry : 
		On exit  : 
		Unchanged: 
 Data sizes:     COMRAM   BANK0   BANK1   BANK2   BANK3   BANK4   BANK5   BANK6   BANK7
      Params:         0       0       0       0       0       0       0       0       0
      Locals:         2       0       0       0       0       0       0       0       0
      Temps:          4       0       0       0       0       0       0       0       0
      Totals:         6       0       0       0       0       0       0       0       0
Total ram usage:        6 bytes
 Hardware stack levels used:    1
 Hardware stack levels required when called:    1
 This function calls:
		_ReadCapture1
		i2_OpenCapture1
		i2_WriteTimer1
		i2___lldiv
 This function is called by:
		_captura
 This function uses a non-reentrant model


 *************** function i2___lldiv *****************
 Defined at:
		line 8 in file "C:\Program Files (x86)\Microchip\xc8\v1.45\sources\common\lldiv.c"
 Parameters:    Size  Location     Type
  dividend        4    0[COMRAM] unsigned long 
  divisor         4    4[COMRAM] unsigned long 
 Auto vars:     Size  Location     Type
  __lldiv         4    8[COMRAM] unsigned long 
  __lldiv         1   12[COMRAM] unsigned char 
 Return value:  Size  Location     Type
                  4    0[COMRAM] unsigned long 
 Registers used:
		wreg, status,2, status,0
 Tracked objects:
		On entry : 
		On exit  : 
		Unchanged: 
 Data sizes:     COMRAM   BANK0   BANK1   BANK2   BANK3   BANK4   BANK5   BANK6   BANK7
      Params:         8       0       0       0       0       0       0       0       0
      Locals:         5       0       0       0       0       0       0       0       0
      Temps:          0       0       0       0       0       0       0       0       0
      Totals:        13       0       0       0       0       0       0       0       0
Total ram usage:       13 bytes
 Hardware stack levels used:    1
 This function calls:
		Nothing
 This function is called by:
		_trata_interrup_CCP1
 This function uses a non-reentrant model


 *************** function i2_WriteTimer1 *****************
 Defined at:
		line 14 in file "C:\Program Files (x86)\Microchip\xc8\v1.45\sources\pic18\plib\Timers\t1write.c"
 Parameters:    Size  Location     Type
  timer1          2    0[COMRAM] unsigned int 
 Auto vars:     Size  Location     Type
  WriteTimer1     2    2[COMRAM] struct Timers
 Return value:  Size  Location     Type
                  1    wreg      void 
 Registers used:
		None
 Tracked objects:
		On entry : 
		On exit  : 
		Unchanged: 
 Data sizes:     COMRAM   BANK0   BANK1   BANK2   BANK3   BANK4   BANK5   BANK6   BANK7
      Params:         2       0       0       0       0       0       0       0       0
      Locals:         2       0       0       0       0       0       0       0       0
      Temps:          0       0       0       0       0       0       0       0       0
      Totals:         4       0       0       0       0       0       0       0       0
Total ram usage:        4 bytes
 Hardware stack levels used:    1
 This function calls:
		Nothing
 This function is called by:
		_trata_interrup_CCP1
 This function uses a non-reentrant model


 *************** function i2_OpenCapture1 *****************
 Defined at:
		line 31 in file "C:\Program Files (x86)\Microchip\xc8\v1.45\sources\pic18\plib\CCP\cp1open.c"
 Parameters:    Size  Location     Type
  config          1    wreg     unsigned char 
 Auto vars:     Size  Location     Type
  config          1    0[COMRAM] unsigned char 
 Return value:  Size  Location     Type
                  1    wreg      void 
 Registers used:
		wreg, status,2, status,0
 Tracked objects:
		On entry : 
		On exit  : 
		Unchanged: 
 Data sizes:     COMRAM   BANK0   BANK1   BANK2   BANK3   BANK4   BANK5   BANK6   BANK7
      Params:         0       0       0       0       0       0       0       0       0
      Locals:         1       0       0       0       0       0       0       0       0
      Temps:          0       0       0       0       0       0       0       0       0
      Totals:         1       0       0       0       0       0       0       0       0
Total ram usage:        1 bytes
 Hardware stack levels used:    1
 This function calls:
		Nothing
 This function is called by:
		_trata_interrup_CCP1
 This function uses a non-reentrant model


 *************** function _ReadCapture1 *****************
 Defined at:
		line 23 in file "C:\Program Files (x86)\Microchip\xc8\v1.45\sources\pic18\plib\CCP\cp1read.c"
 Parameters:    Size  Location     Type
		None
 Auto vars:     Size  Location     Type
  Cap             2    2[COMRAM] struct CapResult
 Return value:  Size  Location     Type
                  2    0[COMRAM] unsigned int 
 Registers used:
		None
 Tracked objects:
		On entry : 
		On exit  : 
		Unchanged: 
 Data sizes:     COMRAM   BANK0   BANK1   BANK2   BANK3   BANK4   BANK5   BANK6   BANK7
      Params:         2       0       0       0       0       0       0       0       0
      Locals:         2       0       0       0       0       0       0       0       0
      Temps:          0       0       0       0       0       0       0       0       0
      Totals:         4       0       0       0       0       0       0       0       0
Total ram usage:        4 bytes
 Hardware stack levels used:    1
 This function calls:
		Nothing
 This function is called by:
		_trata_interrup_CCP1
 This function uses a non-reentrant model



MODULE INFORMATION

Module		Function		Class		Link	Load	Size
C:\Program Files (x86)\Microchip\xc8\v1.45\sources\pic18\plib\CCP\cp1read.c
		_ReadCapture1  		CODE           	0FF8	0000	25

C:\Program Files (x86)\Microchip\xc8\v1.45\sources\pic18\plib\CCP\cp1read.c estimated size: 25

C:\Program Files (x86)\Microchip\xc8\v1.45\sources\pic18\plib\Timers\tmrccpsrc.c
		_SetTmrCCPSrc  		CODE           	1060	0000	19

C:\Program Files (x86)\Microchip\xc8\v1.45\sources\pic18\plib\Timers\tmrccpsrc.c estimated size: 19

C:\Program Files (x86)\Microchip\xc8\v1.45\sources\common\awmod.c
		___awmod       		CODE           	0D30	0000	113

C:\Program Files (x86)\Microchip\xc8\v1.45\sources\common\awmod.c estimated size: 113

shared
		i2_OpenCapture1		CODE           	103A	0000	21
		i2___lldiv     		CODE           	0CAE	0000	131
		__initialization		CODE           	0FC4	0000	13
		i2_WriteTimer1 		CODE           	1072	0000	19

shared estimated size: 184

../../mylcd.c
		_BusyXLCD      		CODE           	0F08	0000	59
		_putsXLCD      		CODE           	0DA0	0000	93
		_WriteCmdXLCD  		CODE           	0E8C	0000	63
		_OpenXLCD      		CODE           	0B02	0000	165
		_WriteDataXLCD 		CODE           	0ECA	0000	63
		_SetDDRamAddr  		CODE           	0DFC	0000	83

../../mylcd.c estimated size: 526

../../Main.c
		_trigger       		CODE           	0F9E	0000	39
		_captura       		CODE           	0008	0000	191
		_main          		CODE           	0E4E	0000	63
		_DelayFor18TCY 		CODE           	1084	0000	9
		_inic_XLCD     		CODE           	0F42	0000	51
		_traduz        		CODE           	0816	0000	203
		_DelayPORXLCD  		CODE           	0FDE	0000	27
		_distance      		CODE           	08E0	0000	189
		_trata_interrup_CCP1		CODE           	0A54	0000	175

../../Main.c estimated size: 947

C:\Program Files (x86)\Microchip\xc8\v1.45\sources\pic18\plib\Timers\t1open.c
		_OpenTimer1    		CODE           	0F74	0000	43

C:\Program Files (x86)\Microchip\xc8\v1.45\sources\pic18\plib\Timers\t1open.c estimated size: 43

C:\Program Files (x86)\Microchip\xc8\v1.45\sources\common\awdiv.c
		___awdiv       		CODE           	0BA6	0000	133

C:\Program Files (x86)\Microchip\xc8\v1.45\sources\common\awdiv.c estimated size: 133

C:\Program Files (x86)\Microchip\xc8\v1.45\sources\common\lldiv.c
		___lldiv       		CODE           	0C2A	0000	133

C:\Program Files (x86)\Microchip\xc8\v1.45\sources\common\lldiv.c estimated size: 133

C:\Program Files (x86)\Microchip\xc8\v1.45\sources\pic18\d10ktcyx.c
		_Delay10KTCYx  		CODE           	1010	0000	23

C:\Program Files (x86)\Microchip\xc8\v1.45\sources\pic18\d10ktcyx.c estimated size: 23

C:\Program Files (x86)\Microchip\xc8\v1.45\sources\pic18\plib\CCP\cp1open.c
		_OpenCapture1  		CODE           	1026	0000	21

C:\Program Files (x86)\Microchip\xc8\v1.45\sources\pic18\plib\CCP\cp1open.c estimated size: 21

C:\Program Files (x86)\Microchip\xc8\v1.45\sources\pic18\plib\Timers\t1write.c
		_WriteTimer1   		CODE           	104E	0000	19

C:\Program Files (x86)\Microchip\xc8\v1.45\sources\pic18\plib\Timers\t1write.c estimated size: 19

