Microchip MPLAB XC8 Compiler V1.45 ()

Linker command line:

-W-3 --edf=C:\Program Files (x86)\Microchip\xc8\v1.45\dat\en_msgs.txt -cs \
  -h+dist/default/production\RFID.X.production.sym \
  --cmf=dist/default/production\RFID.X.production.cmf -z -Q18F4550 \
  -oC:\Users\USER_I~1\AppData\Local\Temp\s5ts.2 \
  -Mdist/default/production/RFID.X.production.map -E1 -ver=XC8 \
  -ASTACK=060h-07ffh -pstack=STACK -ACODE=00h-07FFFh -ACONST=00h-07FFFh \
  -ASMALLCONST=0800h-08FFhx120 -AMEDIUMCONST=0800h-07FFFh -ACOMRAM=01h-05Fh \
  -AABS1=00h-07FFh -ABIGRAM=01h-07FFh -ARAM=060h-0FFh,0100h-01FFhx7 \
  -ABANK0=060h-0FFh -ABANK1=0100h-01FFh -ABANK2=0200h-02FFh \
  -ABANK3=0300h-03FFh -ABANK4=0400h-04FFh -ABANK5=0500h-05FFh \
  -ABANK6=0600h-06FFh -ABANK7=0700h-07FFh -ASFR=0F60h-0FFFh \
  -preset_vec=00h,intcode,intcodelo,powerup,init -pramtop=0800h \
  -psmallconst=SMALLCONST -pmediumconst=MEDIUMCONST -pconst=CONST \
  -AFARRAM=00h-00h -ACONFIG=0300000h-030000Dh -pconfig=CONFIG \
  -AIDLOC=0200000h-0200007h -pidloc=IDLOC -AEEDATA=0F00000h-0F000FFh \
  -peeprom_data=EEDATA \
  -prdata=COMRAM,nvrram=COMRAM,nvbit=COMRAM,rbss=COMRAM,rbit=COMRAM \
  -pfarbss=FARRAM,fardata=FARRAM,nvFARRAM=FARRAM \
  -pintsave_regs=BIGRAM,bigbss=BIGRAM,bigdata=BIGRAM -pbss=RAM \
  -pidata=CODE,irdata=CODE,ibigdata=CODE,ifardata=CODE -prparam=COMRAM \
  C:\Users\USER_I~1\AppData\Local\Temp\s5ts.obj \
  dist/default/production\RFID.X.production.obj 

Object code version is 3.11

Machine type is 18F4550

Call graph: (short form)




                Name                               Link     Load   Length Selector   Space Scale
C:\Users\USER_I~1\AppData\Local\Temp\s5ts.obj
                init                                  0        0        4        0       0
                idloc                            200000   200000        8   200000       0
                config                           300000   300000        E   300000       0
dist/default/production\RFID.X.production.obj
                smallconst                          800      800        C      400       0
                text24                              C74      C74       A4      406       0
                text23                              D18      D18       90      406       0
                text22                             1108     1108       32      406       0
                text21                             118A     118A       20      406       0
                text20                             1166     1166       24      406       0
                text19                              DA8      DA8       86      406       0
                text18                              FAC      FAC       42      406       0
                text17                              80C      80C      238      406       0
                text16                              B28      B28       A8      406       0
                text15                             113A     113A       2C      406       0
                text14                              EA0      EA0       5E      406       0
                text13                             11AA     11AA       1C      406       0
                text12                             10D6     10D6       32      406       0
                text11                             11F8     11F8        8      406       0
                text10                             106A     106A       3A      406       0
                text9                              11C6     11C6       16      406       0
                text8                              11DC     11DC       12      406       0
                text7                               F5A      F5A       52      406       0
                text6                              102C     102C       3E      406       0
                text5                               BD0      BD0       A4      406       0
                text4                              10A4     10A4       32      406       0
                text3                               FEE      FEE       3E      406       0
                text2                               EFE      EFE       5C      406       0
                text1                               E2E      E2E       72      406       0
                text0                               A44      A44       E4      406       0
                cstackCOMRAM                          1        1       44        1       1
                cinit                              11EE     11EE        A      406       0

TOTAL           Name                               Link     Load   Length     Space
        CLASS   STACK          

        CLASS   CODE           
                init                                  0        0        4         0
                text24                              C74      C74       A4         0
                text23                              D18      D18       90         0
                text22                             1108     1108       32         0
                text21                             118A     118A       20         0
                text20                             1166     1166       24         0
                text19                              DA8      DA8       86         0
                text18                              FAC      FAC       42         0
                text17                              80C      80C      238         0
                text16                              B28      B28       A8         0
                text15                             113A     113A       2C         0
                text14                              EA0      EA0       5E         0
                text13                             11AA     11AA       1C         0
                text12                             10D6     10D6       32         0
                text11                             11F8     11F8        8         0
                text10                             106A     106A       3A         0
                text9                              11C6     11C6       16         0
                text8                              11DC     11DC       12         0
                text7                               F5A      F5A       52         0
                text6                              102C     102C       3E         0
                text5                               BD0      BD0       A4         0
                text4                              10A4     10A4       32         0
                text3                               FEE      FEE       3E         0
                text2                               EFE      EFE       5C         0
                text1                               E2E      E2E       72         0
                text0                               A44      A44       E4         0
                cinit                              11EE     11EE        A         0

        CLASS   CONST          

        CLASS   SMALLCONST     
                smallconst                          800      800        C         0

        CLASS   MEDIUMCONST    

        CLASS   COMRAM         
                cstackCOMRAM                          1        1       44         1

        CLASS   ABS1           

        CLASS   BIGRAM         

        CLASS   RAM            

        CLASS   BANK0          

        CLASS   BANK1          

        CLASS   BANK2          

        CLASS   BANK3          

        CLASS   BANK4          

        CLASS   BANK5          

        CLASS   BANK6          

        CLASS   BANK7          

        CLASS   SFR            

        CLASS   FARRAM         

        CLASS   CONFIG         
                config                           300000   300000        E         0

        CLASS   IDLOC          
                idloc                            200000   200000        8         0

        CLASS   EEDATA         



SEGMENTS        Name                           Load    Length   Top    Selector   Space  Class

                reset_vec                      000000  000004  000004         0       0  CODE    
                cstackCOMRAM                   000001  000044  000045         1       1  COMRAM  
                smallconst                     000800  00000C  00080C       400       0  SMALLCON
                text17                         00080C  0009F4  001200       406       0  CODE    
                idloc                          200000  000008  200008    200000       0  IDLOC   
                config                         300000  00000E  30000E    300000       0  CONFIG  


UNUSED ADDRESS RANGES

        Name                Unused          Largest block    Delta
        BANK0            000060-0000FF               A0
        BANK1            000100-0001FF              100
        BANK2            000200-0002FF              100
        BANK3            000300-0003FF              100
        BANK4            000400-0004FF              100
        BANK5            000500-0005FF              100
        BANK6            000600-0006FF              100
        BANK7            000700-0007FF              100
        BIGRAM           000045-0007FF              7BB
        CODE             000004-0007FF              7FC
                         001200-007FFF             6E00
        COMRAM           000045-00005F               1B
        CONST            000004-0007FF              7FC
                         001200-007FFF             6E00
        EEDATA           F00000-F000FF              100
        MEDIUMCONST      001200-007FFF             6E00
        RAM              000060-0007FF              100
        SFR              000F60-000FFF               A0
        SMALLCONST       001200-007FFF              100
        STACK            000060-0007FF              7A0

                                  Symbol Table

?_MFRC522_Rd                     cstackCOMRAM 000001
Delay10KTCYx@unit                cstackCOMRAM 000002
MFRC522_AntennaOn@stt            cstackCOMRAM 00000F
MFRC522_AntiColl@_status         cstackCOMRAM 00002C
MFRC522_AntiColl@i               cstackCOMRAM 00002D
MFRC522_AntiColl@serNum          cstackCOMRAM 000026
MFRC522_AntiColl@serNumCheck     cstackCOMRAM 000029
MFRC522_AntiColl@unLen           cstackCOMRAM 00002A
MFRC522_Clear_Bit@addr           cstackCOMRAM 000012
MFRC522_Clear_Bit@mask           cstackCOMRAM 00000B
MFRC522_Clear_Bit@tmp            cstackCOMRAM 000010
MFRC522_Rd@Address               cstackCOMRAM 000001
MFRC522_Rd@i                     cstackCOMRAM 000009
MFRC522_Rd@ucAddr                cstackCOMRAM 000005
MFRC522_Rd@ucResult              cstackCOMRAM 000007
MFRC522_ReadCardSerial@_status   cstackCOMRAM 000030
MFRC522_ReadCardSerial@str       cstackCOMRAM 00002E
MFRC522_Request@TagType          cstackCOMRAM 000026
MFRC522_Request@_status          cstackCOMRAM 000029
MFRC522_Request@backBits         cstackCOMRAM 00002A
MFRC522_Request@reqMode          cstackCOMRAM 000028
MFRC522_Set_Bit@addr             cstackCOMRAM 00000E
MFRC522_Set_Bit@mask             cstackCOMRAM 00000B
MFRC522_Set_Bit@tmp              cstackCOMRAM 00000C
MFRC522_ToCard@_status           cstackCOMRAM 00001F
MFRC522_ToCard@backData          cstackCOMRAM 000016
MFRC522_ToCard@backLen           cstackCOMRAM 000018
MFRC522_ToCard@command           cstackCOMRAM 000022
MFRC522_ToCard@i                 cstackCOMRAM 000023
MFRC522_ToCard@irqEn             cstackCOMRAM 000021
MFRC522_ToCard@lastBits          cstackCOMRAM 000020
MFRC522_ToCard@n                 cstackCOMRAM 000025
MFRC522_ToCard@sendData          cstackCOMRAM 000013
MFRC522_ToCard@sendLen           cstackCOMRAM 000015
MFRC522_ToCard@waitIRq           cstackCOMRAM 00001E
MFRC522_Wr@Address               cstackCOMRAM 000001
MFRC522_Wr@i                     cstackCOMRAM 000009
MFRC522_Wr@ucAddr                cstackCOMRAM 000007
MFRC522_Wr@value                 cstackCOMRAM 000003
MFRC522_isCard@TagType           cstackCOMRAM 00002C
Mydelay@i                        cstackCOMRAM 000004
Mydelay@tempo                    cstackCOMRAM 000001
OpenXLCD@lcdtype                 cstackCOMRAM 000005
SetDDRamAddr@DDaddr              cstackCOMRAM 000004
WriteCmdXLCD@cmd                 cstackCOMRAM 000001
WriteDataXLCD@data               cstackCOMRAM 000001
_ADCON1                          (abs)        000FC1
_BusyXLCD                        text10       00106A
_Delay10KTCYx                    text9        0011C6
_DelayFor18TCY                   text11       0011F8
_DelayPORXLCD                    text8        0011DC
_LATDbits                        (abs)        000F8C
_MFRC522_AntennaOn               text21       00118A
_MFRC522_AntiColl                text16       000B28
_MFRC522_Clear_Bit               text18       000FAC
_MFRC522_Init                    text19       000DA8
_MFRC522_Rd                      text24       000C74
_MFRC522_ReadCardSerial          text15       00113A
_MFRC522_Request                 text14       000EA0
_MFRC522_Reset                   text20       001166
_MFRC522_Set_Bit                 text22       001108
_MFRC522_ToCard                  text17       00080C
_MFRC522_Wr                      text23       000D18
_MFRC522_isCard                  text13       0011AA
_Mydelay                         text12       0010D6
_OSCCON                          (abs)        000FD3
_OpenXLCD                        text5        000BD0
_PORTBbits                       (abs)        000F81
_PORTCbits                       (abs)        000F82
_PORTD                           (abs)        000F83
_RA0                             (abs)        007C00
_SetDDRamAddr                    text7        000F5A
_TRISA                           (abs)        000F92
_TRISB                           (abs)        000F93
_TRISC                           (abs)        000F94
_TRISD                           (abs)        000F95
_TRISDbits                       (abs)        000F95
_WriteCmdXLCD                    text6        00102C
_WriteDataXLCD                   text3        000FEE
__CFG_BOR$OFF                    (abs)        000000
__CFG_BORV$1                     (abs)        000000
__CFG_CCP2MX$OFF                 (abs)        000000
__CFG_CP0$OFF                    (abs)        000000
__CFG_CP1$OFF                    (abs)        000000
__CFG_CP2$OFF                    (abs)        000000
__CFG_CP3$OFF                    (abs)        000000
__CFG_CPB$OFF                    (abs)        000000
__CFG_CPD$OFF                    (abs)        000000
__CFG_CPUDIV$OSC1_PLL2           (abs)        000000
__CFG_EBTR0$OFF                  (abs)        000000
__CFG_EBTR1$OFF                  (abs)        000000
__CFG_EBTR2$OFF                  (abs)        000000
__CFG_EBTR3$OFF                  (abs)        000000
__CFG_EBTRB$OFF                  (abs)        000000
__CFG_FCMEN$OFF                  (abs)        000000
__CFG_FOSC$INTOSC_HS             (abs)        000000
__CFG_ICPRT$OFF                  (abs)        000000
__CFG_IESO$OFF                   (abs)        000000
__CFG_LPT1OSC$OFF                (abs)        000000
__CFG_LVP$OFF                    (abs)        000000
__CFG_MCLRE$OFF                  (abs)        000000
__CFG_PBADEN$OFF                 (abs)        000000
__CFG_PLLDIV$1                   (abs)        000000
__CFG_PWRT$OFF                   (abs)        000000
__CFG_STVREN$OFF                 (abs)        000000
__CFG_USBDIV$1                   (abs)        000000
__CFG_VREGEN$OFF                 (abs)        000000
__CFG_WDT$OFF                    (abs)        000000
__CFG_WDTPS$32768                (abs)        000000
__CFG_WRT0$OFF                   (abs)        000000
__CFG_WRT1$OFF                   (abs)        000000
__CFG_WRT2$OFF                   (abs)        000000
__CFG_WRT3$OFF                   (abs)        000000
__CFG_WRTB$OFF                   (abs)        000000
__CFG_WRTC$OFF                   (abs)        000000
__CFG_WRTD$OFF                   (abs)        000000
__CFG_XINST$OFF                  (abs)        000000
__HRAM                           (abs)        000000
__Habs1                          abs1         000000
__Hbank0                         bank0        000000
__Hbank1                         bank1        000000
__Hbank2                         bank2        000000
__Hbank3                         bank3        000000
__Hbank4                         bank4        000000
__Hbank5                         bank5        000000
__Hbank6                         bank6        000000
__Hbank7                         bank7        000000
__Hbigbss                        bigbss       000000
__Hbigdata                       bigdata      000000
__Hbigram                        bigram       000000
__Hbss                           bss          000000
__Hcinit                         cinit        000000
__Hclrtext                       clrtext      000000
__Hcomram                        comram       000000
__Hconfig                        config       30000E
__Hconst                         const        000000
__HcstackCOMRAM                  cstackCOMRAM 000000
__Hdata                          data         000000
__Heeprom_data                   eeprom_data  000000
__Hfarbss                        farbss       000000
__Hfardata                       fardata      000000
__Hibigdata                      ibigdata     000000
__Hidata                         idata        000000
__Hidloc                         idloc        200008
__Hifardata                      ifardata     000000
__Hinit                          init         000004
__Hintcode                       intcode      000000
__Hintcode_body                  intcode_body 000000
__Hintcodelo                     intcodelo    000000
__Hintentry                      intentry     000000
__Hintret                        intret       000000
__Hintsave_regs                  intsave_regs 000000
__Hirdata                        irdata       000000
__Hmediumconst                   mediumconst  000000
__HnvFARRAM                      nvFARRAM     000000
__Hnvbit                         nvbit        000000
__Hnvrram                        nvrram       000000
__Hparam                         rparam       000000
__Hpowerup                       powerup      000000
__Hram                           ram          000000
__Hramtop                        ramtop       000800
__Hrbit                          rbit         000000
__Hrbss                          rbss         000000
__Hrdata                         rdata        000000
__Hreset_vec                     reset_vec    000000
__Hrparam                        rparam       000000
__Hsfr                           sfr          000000
__Hsmallconst                    smallconst   00080C
__Hspace_0                       (abs)        30000E
__Hspace_1                       (abs)        000045
__Hspace_2                       (abs)        000000
__Hstack                         stack        000000
__Hstruct                        struct       000000
__Htemp                          temp         000000
__Htext                          text         000000
__Htext0                         text0        000000
__Htext1                         text1        000000
__Htext10                        text10       000000
__Htext11                        text11       000000
__Htext12                        text12       000000
__Htext13                        text13       000000
__Htext14                        text14       000000
__Htext15                        text15       000000
__Htext16                        text16       000000
__Htext17                        text17       000000
__Htext18                        text18       000000
__Htext19                        text19       000000
__Htext2                         text2        000000
__Htext20                        text20       000000
__Htext21                        text21       000000
__Htext22                        text22       000000
__Htext23                        text23       000000
__Htext24                        text24       000000
__Htext3                         text3        000000
__Htext4                         text4        000000
__Htext5                         text5        000000
__Htext6                         text6        000000
__Htext7                         text7        000000
__Htext8                         text8        000000
__Htext9                         text9        000000
__LRAM                           (abs)        000001
__Labs1                          abs1         000000
__Lbank0                         bank0        000000
__Lbank1                         bank1        000000
__Lbank2                         bank2        000000
__Lbank3                         bank3        000000
__Lbank4                         bank4        000000
__Lbank5                         bank5        000000
__Lbank6                         bank6        000000
__Lbank7                         bank7        000000
__Lbigbss                        bigbss       000000
__Lbigdata                       bigdata      000000
__Lbigram                        bigram       000000
__Lbss                           bss          000000
__Lcinit                         cinit        000000
__Lclrtext                       clrtext      000000
__Lcomram                        comram       000000
__Lconfig                        config       300000
__Lconst                         const        000000
__LcstackCOMRAM                  cstackCOMRAM 000000
__Ldata                          data         000000
__Leeprom_data                   eeprom_data  000000
__Lfarbss                        farbss       000000
__Lfardata                       fardata      000000
__Libigdata                      ibigdata     000000
__Lidata                         idata        000000
__Lidloc                         idloc        200000
__Lifardata                      ifardata     000000
__Linit                          init         000000
__Lintcode                       intcode      000000
__Lintcode_body                  intcode_body 000000
__Lintcodelo                     intcodelo    000000
__Lintentry                      intentry     000000
__Lintret                        intret       000000
__Lintsave_regs                  intsave_regs 000000
__Lirdata                        irdata       000000
__Lmediumconst                   mediumconst  000000
__LnvFARRAM                      nvFARRAM     000000
__Lnvbit                         nvbit        000000
__Lnvrram                        nvrram       000000
__Lparam                         rparam       000000
__Lpowerup                       powerup      000000
__Lram                           ram          000000
__Lramtop                        ramtop       000800
__Lrbit                          rbit         000000
__Lrbss                          rbss         000000
__Lrdata                         rdata        000000
__Lreset_vec                     reset_vec    000000
__Lrparam                        rparam       000000
__Lsfr                           sfr          000000
__Lsmallconst                    smallconst   000800
__Lspace_0                       (abs)        000000
__Lspace_1                       (abs)        000000
__Lspace_2                       (abs)        000000
__Lstack                         stack        000000
__Lstruct                        struct       000000
__Ltemp                          temp         000000
__Ltext                          text         000000
__Ltext0                         text0        000000
__Ltext1                         text1        000000
__Ltext10                        text10       000000
__Ltext11                        text11       000000
__Ltext12                        text12       000000
__Ltext13                        text13       000000
__Ltext14                        text14       000000
__Ltext15                        text15       000000
__Ltext16                        text16       000000
__Ltext17                        text17       000000
__Ltext18                        text18       000000
__Ltext19                        text19       000000
__Ltext2                         text2        000000
__Ltext20                        text20       000000
__Ltext21                        text21       000000
__Ltext22                        text22       000000
__Ltext23                        text23       000000
__Ltext24                        text24       000000
__Ltext3                         text3        000000
__Ltext4                         text4        000000
__Ltext5                         text5        000000
__Ltext6                         text6        000000
__Ltext7                         text7        000000
__Ltext8                         text8        000000
__Ltext9                         text9        000000
__S0                             (abs)        30000E
__S1                             (abs)        000045
__S2                             (abs)        000000
___inthi_sp                      stack        000000
___intlo_sp                      stack        000000
___param_bank                    (abs)        000000
___rparam_used                   (abs)        000001
___sp                            stack        000000
__accesstop                      (abs)        000060
__activetblptr                   (abs)        000002
__end_of_BusyXLCD                text10       0010A4
__end_of_Delay10KTCYx            text9        0011DC
__end_of_DelayFor18TCY           text11       001200
__end_of_DelayPORXLCD            text8        0011EE
__end_of_MFRC522_AntennaOn       text21       0011AA
__end_of_MFRC522_AntiColl        text16       000BD0
__end_of_MFRC522_Clear_Bit       text18       000FEE
__end_of_MFRC522_Init            text19       000E2E
__end_of_MFRC522_Rd              text24       000D18
__end_of_MFRC522_ReadCardSerial  text15       001166
__end_of_MFRC522_Request         text14       000EFE
__end_of_MFRC522_Reset           text20       00118A
__end_of_MFRC522_Set_Bit         text22       00113A
__end_of_MFRC522_ToCard          text17       000A44
__end_of_MFRC522_Wr              text23       000DA8
__end_of_MFRC522_isCard          text13       0011C6
__end_of_Mydelay                 text12       001108
__end_of_OpenXLCD                text5        000C74
__end_of_SetDDRamAddr            text7        000FAC
__end_of_WriteCmdXLCD            text6        00106A
__end_of_WriteDataXLCD           text3        00102C
__end_of__initialization         cinit        0011EE
__end_of_inic_XLCD               text4        0010D6
__end_of_main                    text0        000B28
__end_of_putsXLCD                text2        000F5A
__end_of_traduz                  text1        000EA0
__initialization                 cinit        0011EE
__mediumconst                    mediumconst  000000
__pcinit                         cinit        0011EE
__pcstackCOMRAM                  cstackCOMRAM 000001
__psmallconst                    smallconst   000800
__ptext0                         text0        000A44
__ptext1                         text1        000E2E
__ptext10                        text10       00106A
__ptext11                        text11       0011F8
__ptext12                        text12       0010D6
__ptext13                        text13       0011AA
__ptext14                        text14       000EA0
__ptext15                        text15       00113A
__ptext16                        text16       000B28
__ptext17                        text17       00080C
__ptext18                        text18       000FAC
__ptext19                        text19       000DA8
__ptext2                         text2        000EFE
__ptext20                        text20       001166
__ptext21                        text21       00118A
__ptext22                        text22       001108
__ptext23                        text23       000D18
__ptext24                        text24       000C74
__ptext3                         text3        000FEE
__ptext4                         text4        0010A4
__ptext5                         text5        000BD0
__ptext6                         text6        00102C
__ptext7                         text7        000F5A
__ptext8                         text8        0011DC
__ptext9                         text9        0011C6
__ramtop                         ramtop       000800
__size_of_BusyXLCD               (abs)        000000
__size_of_Delay10KTCYx           (abs)        000000
__size_of_DelayFor18TCY          (abs)        000000
__size_of_DelayPORXLCD           (abs)        000000
__size_of_MFRC522_AntennaOn      (abs)        000000
__size_of_MFRC522_AntiColl       (abs)        000000
__size_of_MFRC522_Clear_Bit      (abs)        000000
__size_of_MFRC522_Init           (abs)        000000
__size_of_MFRC522_Rd             (abs)        000000
__size_of_MFRC522_ReadCardSerial (abs)        000000
__size_of_MFRC522_Request        (abs)        000000
__size_of_MFRC522_Reset          (abs)        000000
__size_of_MFRC522_Set_Bit        (abs)        000000
__size_of_MFRC522_ToCard         (abs)        000000
__size_of_MFRC522_Wr             (abs)        000000
__size_of_MFRC522_isCard         (abs)        000000
__size_of_Mydelay                (abs)        000000
__size_of_OpenXLCD               (abs)        000000
__size_of_SetDDRamAddr           (abs)        000000
__size_of_WriteCmdXLCD           (abs)        000000
__size_of_WriteDataXLCD          (abs)        000000
__size_of_inic_XLCD              (abs)        000000
__size_of_main                   (abs)        000000
__size_of_putsXLCD               (abs)        000000
__size_of_traduz                 (abs)        000000
__smallconst                     smallconst   000800
_inic_XLCD                       text4        0010A4
_main                            text0        000A44
_putsXLCD                        text2        000EFE
_traduz                          text1        000E2E
end_of_initialization            cinit        0011EE
intlevel0                        text         000000
intlevel1                        text         000000
intlevel2                        text         000000
intlevel3                        text         000000
main@TagType                     cstackCOMRAM 000041
main@UID                         cstackCOMRAM 000032
main@buffer                      cstackCOMRAM 00003C
main@i                           cstackCOMRAM 000043
main@var                         cstackCOMRAM 00003F
putsXLCD@buffer                  cstackCOMRAM 000002
stackhi                          (abs)        0007FF
stacklo                          (abs)        000060
start                            init         000000
start_initialization             cinit        0011EE
traduz@a                         cstackCOMRAM 000008
traduz@b                         cstackCOMRAM 000009
traduz@numero                    cstackCOMRAM 000001
traduz@txt                       cstackCOMRAM 000003


FUNCTION INFORMATION:

 *************** function _main *****************
 Defined at:
		line 69 in file "../main.c"
 Parameters:    Size  Location     Type
		None
 Auto vars:     Size  Location     Type
  i               2   66[COMRAM] int 
  var             2   62[COMRAM] int 
  UID            10   49[COMRAM] unsigned char [10]
  buffer          3   59[COMRAM] unsigned char [3]
  TagType         2   64[COMRAM] unsigned int 
  size            1    0        unsigned char 
 Return value:  Size  Location     Type
                  2  215[None  ] int 
 Registers used:
		wreg, fsr0l, fsr0h, fsr2l, fsr2h, status,2, status,0, tblptrl, tblptrh, tblptru, prodl, prodh, cstack
 Tracked objects:
		On entry : 
		On exit  : 
		Unchanged: 
 Data sizes:     COMRAM   BANK0   BANK1   BANK2   BANK3   BANK4   BANK5   BANK6   BANK7
      Params:         0       0       0       0       0       0       0       0       0
      Locals:        19       0       0       0       0       0       0       0       0
      Temps:          1       0       0       0       0       0       0       0       0
      Totals:        20       0       0       0       0       0       0       0       0
Total ram usage:       20 bytes
 Hardware stack levels required when called:    5
 This function calls:
		_BusyXLCD
		_MFRC522_Init
		_MFRC522_ReadCardSerial
		_MFRC522_isCard
		_Mydelay
		_SetDDRamAddr
		_inic_XLCD
		_putsXLCD
		_traduz
 This function is called by:
		Startup code after reset
 This function uses a non-reentrant model


 *************** function _traduz *****************
 Defined at:
		line 9 in file "../main.c"
 Parameters:    Size  Location     Type
  numero          2    0[COMRAM] int 
  txt             2    2[COMRAM] PTR unsigned char 
		 -> main@buffer(3), 
 Auto vars:     Size  Location     Type
  b               1    8[COMRAM] unsigned char 
  a               1    7[COMRAM] unsigned char 
  e               1    0        unsigned char 
  d               1    0        unsigned char 
  c               1    0        unsigned char 
 Return value:  Size  Location     Type
                  1    wreg      void 
 Registers used:
		wreg, fsr2l, fsr2h, status,2, status,0
 Tracked objects:
		On entry : 
		On exit  : 
		Unchanged: 
 Data sizes:     COMRAM   BANK0   BANK1   BANK2   BANK3   BANK4   BANK5   BANK6   BANK7
      Params:         4       0       0       0       0       0       0       0       0
      Locals:         2       0       0       0       0       0       0       0       0
      Temps:          3       0       0       0       0       0       0       0       0
      Totals:         9       0       0       0       0       0       0       0       0
Total ram usage:        9 bytes
 Hardware stack levels used:    1
 This function calls:
		Nothing
 This function is called by:
		_main
 This function uses a non-reentrant model


 *************** function _putsXLCD *****************
 Defined at:
		line 125 in file "../mylcd.c"
 Parameters:    Size  Location     Type
  buffer          2    1[COMRAM] PTR unsigned char 
		 -> main@buffer(3), STR_1(10), 
 Auto vars:     Size  Location     Type
		None
 Return value:  Size  Location     Type
                  1    wreg      void 
 Registers used:
		wreg, fsr0l, fsr0h, status,2, status,0, tblptrl, tblptrh, tblptru, cstack
 Tracked objects:
		On entry : 
		On exit  : 
		Unchanged: 
 Data sizes:     COMRAM   BANK0   BANK1   BANK2   BANK3   BANK4   BANK5   BANK6   BANK7
      Params:         2       0       0       0       0       0       0       0       0
      Locals:         0       0       0       0       0       0       0       0       0
      Temps:          0       0       0       0       0       0       0       0       0
      Totals:         2       0       0       0       0       0       0       0       0
Total ram usage:        2 bytes
 Hardware stack levels used:    1
 Hardware stack levels required when called:    2
 This function calls:
		_BusyXLCD
		_WriteDataXLCD
 This function is called by:
		_main
 This function uses a non-reentrant model


 *************** function _WriteDataXLCD *****************
 Defined at:
		line 357 in file "../mylcd.c"
 Parameters:    Size  Location     Type
  data            1    wreg     unsigned char 
 Auto vars:     Size  Location     Type
  data            1    0[COMRAM] unsigned char 
 Return value:  Size  Location     Type
                  1    wreg      void 
 Registers used:
		wreg, status,2, status,0, cstack
 Tracked objects:
		On entry : 
		On exit  : 
		Unchanged: 
 Data sizes:     COMRAM   BANK0   BANK1   BANK2   BANK3   BANK4   BANK5   BANK6   BANK7
      Params:         0       0       0       0       0       0       0       0       0
      Locals:         1       0       0       0       0       0       0       0       0
      Temps:          0       0       0       0       0       0       0       0       0
      Totals:         1       0       0       0       0       0       0       0       0
Total ram usage:        1 bytes
 Hardware stack levels used:    1
 Hardware stack levels required when called:    1
 This function calls:
		_DelayFor18TCY
 This function is called by:
		_putsXLCD
		_putrsXLCD
 This function uses a non-reentrant model


 *************** function _inic_XLCD *****************
 Defined at:
		line 40 in file "../main.c"
 Parameters:    Size  Location     Type
		None
 Auto vars:     Size  Location     Type
		None
 Return value:  Size  Location     Type
                  1    wreg      void 
 Registers used:
		wreg, status,2, status,0, cstack
 Tracked objects:
		On entry : 
		On exit  : 
		Unchanged: 
 Data sizes:     COMRAM   BANK0   BANK1   BANK2   BANK3   BANK4   BANK5   BANK6   BANK7
      Params:         0       0       0       0       0       0       0       0       0
      Locals:         0       0       0       0       0       0       0       0       0
      Temps:          0       0       0       0       0       0       0       0       0
      Totals:         0       0       0       0       0       0       0       0       0
Total ram usage:        0 bytes
 Hardware stack levels used:    1
 Hardware stack levels required when called:    3
 This function calls:
		_BusyXLCD
		_OpenXLCD
		_WriteCmdXLCD
 This function is called by:
		_main
 This function uses a non-reentrant model


 *************** function _OpenXLCD *****************
 Defined at:
		line 63 in file "../mylcd.c"
 Parameters:    Size  Location     Type
  lcdtype         1    wreg     unsigned char 
 Auto vars:     Size  Location     Type
  lcdtype         1    4[COMRAM] unsigned char 
 Return value:  Size  Location     Type
                  1    wreg      void 
 Registers used:
		wreg, status,2, status,0, cstack
 Tracked objects:
		On entry : 
		On exit  : 
		Unchanged: 
 Data sizes:     COMRAM   BANK0   BANK1   BANK2   BANK3   BANK4   BANK5   BANK6   BANK7
      Params:         0       0       0       0       0       0       0       0       0
      Locals:         1       0       0       0       0       0       0       0       0
      Temps:          0       0       0       0       0       0       0       0       0
      Totals:         1       0       0       0       0       0       0       0       0
Total ram usage:        1 bytes
 Hardware stack levels used:    1
 Hardware stack levels required when called:    2
 This function calls:
		_BusyXLCD
		_Delay10KTCYx
		_DelayPORXLCD
		_SetDDRamAddr
		_WriteCmdXLCD
 This function is called by:
		_inic_XLCD
 This function uses a non-reentrant model


 *************** function _WriteCmdXLCD *****************
 Defined at:
		line 309 in file "../mylcd.c"
 Parameters:    Size  Location     Type
  cmd             1    wreg     unsigned char 
 Auto vars:     Size  Location     Type
  cmd             1    0[COMRAM] unsigned char 
 Return value:  Size  Location     Type
                  1    wreg      void 
 Registers used:
		wreg, status,2, status,0, cstack
 Tracked objects:
		On entry : 
		On exit  : 
		Unchanged: 
 Data sizes:     COMRAM   BANK0   BANK1   BANK2   BANK3   BANK4   BANK5   BANK6   BANK7
      Params:         0       0       0       0       0       0       0       0       0
      Locals:         1       0       0       0       0       0       0       0       0
      Temps:          0       0       0       0       0       0       0       0       0
      Totals:         1       0       0       0       0       0       0       0       0
Total ram usage:        1 bytes
 Hardware stack levels used:    1
 Hardware stack levels required when called:    1
 This function calls:
		_DelayFor18TCY
 This function is called by:
		_inic_XLCD
		_OpenXLCD
		_limpa
 This function uses a non-reentrant model


 *************** function _SetDDRamAddr *****************
 Defined at:
		line 261 in file "../mylcd.c"
 Parameters:    Size  Location     Type
  DDaddr          1    wreg     unsigned char 
 Auto vars:     Size  Location     Type
  DDaddr          1    3[COMRAM] unsigned char 
 Return value:  Size  Location     Type
                  1    wreg      void 
 Registers used:
		wreg, status,2, status,0, cstack
 Tracked objects:
		On entry : 
		On exit  : 
		Unchanged: 
 Data sizes:     COMRAM   BANK0   BANK1   BANK2   BANK3   BANK4   BANK5   BANK6   BANK7
      Params:         0       0       0       0       0       0       0       0       0
      Locals:         1       0       0       0       0       0       0       0       0
      Temps:          3       0       0       0       0       0       0       0       0
      Totals:         4       0       0       0       0       0       0       0       0
Total ram usage:        4 bytes
 Hardware stack levels used:    1
 Hardware stack levels required when called:    1
 This function calls:
		_DelayFor18TCY
 This function is called by:
		_main
		_OpenXLCD
 This function uses a non-reentrant model


 *************** function _DelayPORXLCD *****************
 Defined at:
		line 62 in file "../main.c"
 Parameters:    Size  Location     Type
		None
 Auto vars:     Size  Location     Type
		None
 Return value:  Size  Location     Type
                  1    wreg      void 
 Registers used:
		wreg
 Tracked objects:
		On entry : 
		On exit  : 
		Unchanged: 
 Data sizes:     COMRAM   BANK0   BANK1   BANK2   BANK3   BANK4   BANK5   BANK6   BANK7
      Params:         0       0       0       0       0       0       0       0       0
      Locals:         0       0       0       0       0       0       0       0       0
      Temps:          1       0       0       0       0       0       0       0       0
      Totals:         1       0       0       0       0       0       0       0       0
Total ram usage:        1 bytes
 Hardware stack levels used:    1
 This function calls:
		Nothing
 This function is called by:
		_OpenXLCD
 This function uses a non-reentrant model


 *************** function _Delay10KTCYx *****************
 Defined at:
		line 8 in file "C:\Program Files (x86)\Microchip\xc8\v1.45\sources\pic18\d10ktcyx.c"
 Parameters:    Size  Location     Type
  unit            1    wreg     unsigned char 
 Auto vars:     Size  Location     Type
  unit            1    1[COMRAM] unsigned char 
 Return value:  Size  Location     Type
                  1    wreg      void 
 Registers used:
		wreg
 Tracked objects:
		On entry : 
		On exit  : 
		Unchanged: 
 Data sizes:     COMRAM   BANK0   BANK1   BANK2   BANK3   BANK4   BANK5   BANK6   BANK7
      Params:         0       0       0       0       0       0       0       0       0
      Locals:         1       0       0       0       0       0       0       0       0
      Temps:          1       0       0       0       0       0       0       0       0
      Totals:         2       0       0       0       0       0       0       0       0
Total ram usage:        2 bytes
 Hardware stack levels used:    1
 This function calls:
		Nothing
 This function is called by:
		_OpenXLCD
 This function uses a non-reentrant model


 *************** function _BusyXLCD *****************
 Defined at:
		line 4 in file "../mylcd.c"
 Parameters:    Size  Location     Type
		None
 Auto vars:     Size  Location     Type
		None
 Return value:  Size  Location     Type
                  1    wreg      unsigned char 
 Registers used:
		wreg, cstack
 Tracked objects:
		On entry : 
		On exit  : 
		Unchanged: 
 Data sizes:     COMRAM   BANK0   BANK1   BANK2   BANK3   BANK4   BANK5   BANK6   BANK7
      Params:         0       0       0       0       0       0       0       0       0
      Locals:         0       0       0       0       0       0       0       0       0
      Temps:          0       0       0       0       0       0       0       0       0
      Totals:         0       0       0       0       0       0       0       0       0
Total ram usage:        0 bytes
 Hardware stack levels used:    1
 Hardware stack levels required when called:    1
 This function calls:
		_DelayFor18TCY
 This function is called by:
		_inic_XLCD
		_main
		_OpenXLCD
		_putsXLCD
		_limpa
		_putrsXLCD
 This function uses a non-reentrant model


 *************** function _DelayFor18TCY *****************
 Defined at:
		line 57 in file "../main.c"
 Parameters:    Size  Location     Type
		None
 Auto vars:     Size  Location     Type
		None
 Return value:  Size  Location     Type
                  1    wreg      void 
 Registers used:
		wreg
 Tracked objects:
		On entry : 
		On exit  : 
		Unchanged: 
 Data sizes:     COMRAM   BANK0   BANK1   BANK2   BANK3   BANK4   BANK5   BANK6   BANK7
      Params:         0       0       0       0       0       0       0       0       0
      Locals:         0       0       0       0       0       0       0       0       0
      Temps:          0       0       0       0       0       0       0       0       0
      Totals:         0       0       0       0       0       0       0       0       0
Total ram usage:        0 bytes
 Hardware stack levels used:    1
 This function calls:
		Nothing
 This function is called by:
		_BusyXLCD
		_SetDDRamAddr
		_WriteCmdXLCD
		_WriteDataXLCD
		_ReadAddrXLCD
		_ReadDataXLCD
		_SetCGRamAddr
 This function uses a non-reentrant model


 *************** function _Mydelay *****************
 Defined at:
		line 30 in file "../main.c"
 Parameters:    Size  Location     Type
  tempo           2    0[COMRAM] int 
 Auto vars:     Size  Location     Type
  i               2    3[COMRAM] int 
 Return value:  Size  Location     Type
                  1    wreg      void 
 Registers used:
		wreg, status,2, status,0
 Tracked objects:
		On entry : 
		On exit  : 
		Unchanged: 
 Data sizes:     COMRAM   BANK0   BANK1   BANK2   BANK3   BANK4   BANK5   BANK6   BANK7
      Params:         2       0       0       0       0       0       0       0       0
      Locals:         2       0       0       0       0       0       0       0       0
      Temps:          1       0       0       0       0       0       0       0       0
      Totals:         5       0       0       0       0       0       0       0       0
Total ram usage:        5 bytes
 Hardware stack levels used:    1
 This function calls:
		Nothing
 This function is called by:
		_main
		_limpa
 This function uses a non-reentrant model


 *************** function _MFRC522_isCard *****************
 Defined at:
		line 971 in file "../RFIDlib.h"
 Parameters:    Size  Location     Type
  TagType         2   43[COMRAM] PTR unsigned char 
		 -> main@TagType(2), 
 Auto vars:     Size  Location     Type
		None
 Return value:  Size  Location     Type
                  1    wreg      unsigned char 
 Registers used:
		wreg, fsr2l, fsr2h, status,2, status,0, prodl, prodh, cstack
 Tracked objects:
		On entry : 
		On exit  : 
		Unchanged: 
 Data sizes:     COMRAM   BANK0   BANK1   BANK2   BANK3   BANK4   BANK5   BANK6   BANK7
      Params:         2       0       0       0       0       0       0       0       0
      Locals:         0       0       0       0       0       0       0       0       0
      Temps:          0       0       0       0       0       0       0       0       0
      Totals:         2       0       0       0       0       0       0       0       0
Total ram usage:        2 bytes
 Hardware stack levels used:    1
 Hardware stack levels required when called:    4
 This function calls:
		_MFRC522_Request
 This function is called by:
		_main
 This function uses a non-reentrant model


 *************** function _MFRC522_Request *****************
 Defined at:
		line 635 in file "../RFIDlib.h"
 Parameters:    Size  Location     Type
  reqMode         1    wreg     unsigned char 
  TagType         2   37[COMRAM] PTR unsigned char 
		 -> main@TagType(2), 
 Auto vars:     Size  Location     Type
  reqMode         1   39[COMRAM] unsigned char 
  backBits        2   41[COMRAM] unsigned int 
  _status         1   40[COMRAM] unsigned char 
 Return value:  Size  Location     Type
                  1    wreg      unsigned char 
 Registers used:
		wreg, fsr2l, fsr2h, status,2, status,0, prodl, prodh, cstack
 Tracked objects:
		On entry : 
		On exit  : 
		Unchanged: 
 Data sizes:     COMRAM   BANK0   BANK1   BANK2   BANK3   BANK4   BANK5   BANK6   BANK7
      Params:         2       0       0       0       0       0       0       0       0
      Locals:         4       0       0       0       0       0       0       0       0
      Temps:          0       0       0       0       0       0       0       0       0
      Totals:         6       0       0       0       0       0       0       0       0
Total ram usage:        6 bytes
 Hardware stack levels used:    1
 Hardware stack levels required when called:    3
 This function calls:
		_MFRC522_ToCard
		_MFRC522_Wr
 This function is called by:
		_MFRC522_isCard
 This function uses a non-reentrant model


 *************** function _MFRC522_ReadCardSerial *****************
 Defined at:
		line 984 in file "../RFIDlib.h"
 Parameters:    Size  Location     Type
  str             2   45[COMRAM] PTR unsigned char 
		 -> main@UID(10), 
 Auto vars:     Size  Location     Type
  _status         1   47[COMRAM] unsigned char 
 Return value:  Size  Location     Type
                  1    wreg      unsigned char 
 Registers used:
		wreg, fsr2l, fsr2h, status,2, status,0, prodl, prodh, cstack
 Tracked objects:
		On entry : 
		On exit  : 
		Unchanged: 
 Data sizes:     COMRAM   BANK0   BANK1   BANK2   BANK3   BANK4   BANK5   BANK6   BANK7
      Params:         2       0       0       0       0       0       0       0       0
      Locals:         1       0       0       0       0       0       0       0       0
      Temps:          0       0       0       0       0       0       0       0       0
      Totals:         3       0       0       0       0       0       0       0       0
Total ram usage:        3 bytes
 Hardware stack levels used:    1
 Hardware stack levels required when called:    4
 This function calls:
		_MFRC522_AntiColl
 This function is called by:
		_main
 This function uses a non-reentrant model


 *************** function _MFRC522_AntiColl *****************
 Defined at:
		line 925 in file "../RFIDlib.h"
 Parameters:    Size  Location     Type
  serNum          2   37[COMRAM] PTR unsigned char 
		 -> main@UID(10), 
 Auto vars:     Size  Location     Type
  unLen           2   41[COMRAM] unsigned int 
  i               1   44[COMRAM] unsigned char 
  _status         1   43[COMRAM] unsigned char 
  serNumCheck     1   40[COMRAM] unsigned char 
 Return value:  Size  Location     Type
                  1    wreg      unsigned char 
 Registers used:
		wreg, fsr2l, fsr2h, status,2, status,0, prodl, prodh, cstack
 Tracked objects:
		On entry : 
		On exit  : 
		Unchanged: 
 Data sizes:     COMRAM   BANK0   BANK1   BANK2   BANK3   BANK4   BANK5   BANK6   BANK7
      Params:         2       0       0       0       0       0       0       0       0
      Locals:         5       0       0       0       0       0       0       0       0
      Temps:          1       0       0       0       0       0       0       0       0
      Totals:         8       0       0       0       0       0       0       0       0
Total ram usage:        8 bytes
 Hardware stack levels used:    1
 Hardware stack levels required when called:    3
 This function calls:
		_MFRC522_Clear_Bit
		_MFRC522_ToCard
		_MFRC522_Wr
 This function is called by:
		_MFRC522_ReadCardSerial
 This function uses a non-reentrant model


 *************** function _MFRC522_ToCard *****************
 Defined at:
		line 454 in file "../RFIDlib.h"
 Parameters:    Size  Location     Type
  command         1    wreg     unsigned char 
  sendData        2   18[COMRAM] PTR unsigned char 
		 -> main@UID(10), main@TagType(2), MFRC522_Write@buff(18), MFRC522_Auth@buff(12), 
		 -> MFRC522_Halt@buff(4), MFRC522_SelectTag@buffer(9), 
  sendLen         1   20[COMRAM] unsigned char 
  backData        2   21[COMRAM] PTR unsigned char 
		 -> main@UID(10), main@TagType(2), MFRC522_Write@buff(18), MFRC522_Auth@buff(12), 
		 -> MFRC522_Halt@buff(4), MFRC522_SelectTag@buffer(9), 
  backLen         2   23[COMRAM] PTR unsigned int 
		 -> MFRC522_AntiColl@unLen(2), MFRC522_Read@unLen(2), MFRC522_Write@recvBits(2), MFRC522_Auth@recvBits(2), 
		 -> MFRC522_Halt@unLen(2), MFRC522_SelectTag@recvBits(2), MFRC522_Request@backBits(2), 
 Auto vars:     Size  Location     Type
  command         1   33[COMRAM] unsigned char 
  i               2   34[COMRAM] unsigned int 
  n               1   36[COMRAM] unsigned char 
  irqEn           1   32[COMRAM] unsigned char 
  lastBits        1   31[COMRAM] unsigned char 
  _status         1   30[COMRAM] unsigned char 
  waitIRq         1   29[COMRAM] unsigned char 
 Return value:  Size  Location     Type
                  1    wreg      unsigned char 
 Registers used:
		wreg, fsr2l, fsr2h, status,2, status,0, prodl, prodh, cstack
 Tracked objects:
		On entry : 
		On exit  : 
		Unchanged: 
 Data sizes:     COMRAM   BANK0   BANK1   BANK2   BANK3   BANK4   BANK5   BANK6   BANK7
      Params:         7       0       0       0       0       0       0       0       0
      Locals:         8       0       0       0       0       0       0       0       0
      Temps:          4       0       0       0       0       0       0       0       0
      Totals:        19       0       0       0       0       0       0       0       0
Total ram usage:       19 bytes
 Hardware stack levels used:    1
 Hardware stack levels required when called:    2
 This function calls:
		_MFRC522_Clear_Bit
		_MFRC522_Rd
		_MFRC522_Set_Bit
		_MFRC522_Wr
 This function is called by:
		_MFRC522_Request
		_MFRC522_AntiColl
		_MFRC522_SelectTag
		_MFRC522_Halt
		_MFRC522_Auth
		_MFRC522_Write
		_MFRC522_Read
 This function uses a non-reentrant model


 *************** function _MFRC522_Clear_Bit *****************
 Defined at:
		line 346 in file "../RFIDlib.h"
 Parameters:    Size  Location     Type
  addr            1    wreg     unsigned char 
  mask            1   10[COMRAM] unsigned char 
 Auto vars:     Size  Location     Type
  addr            1   17[COMRAM] unsigned char 
  tmp             2   15[COMRAM] unsigned int 
 Return value:  Size  Location     Type
                  1    wreg      void 
 Registers used:
		wreg, status,2, status,0, cstack
 Tracked objects:
		On entry : 
		On exit  : 
		Unchanged: 
 Data sizes:     COMRAM   BANK0   BANK1   BANK2   BANK3   BANK4   BANK5   BANK6   BANK7
      Params:         1       0       0       0       0       0       0       0       0
      Locals:         3       0       0       0       0       0       0       0       0
      Temps:          4       0       0       0       0       0       0       0       0
      Totals:         8       0       0       0       0       0       0       0       0
Total ram usage:        8 bytes
 Hardware stack levels used:    1
 Hardware stack levels required when called:    1
 This function calls:
		_MFRC522_Rd
		_MFRC522_Wr
 This function is called by:
		_MFRC522_ToCard
		_MFRC522_AntiColl
		_MFRC522_AntennaOff
		_MFRC522_CRC
		_MFRC522_Halt
 This function uses a non-reentrant model


 *************** function _MFRC522_Init *****************
 Defined at:
		line 411 in file "../RFIDlib.h"
 Parameters:    Size  Location     Type
		None
 Auto vars:     Size  Location     Type
		None
 Return value:  Size  Location     Type
                  1    wreg      void 
 Registers used:
		wreg, status,2, status,0, cstack
 Tracked objects:
		On entry : 
		On exit  : 
		Unchanged: 
 Data sizes:     COMRAM   BANK0   BANK1   BANK2   BANK3   BANK4   BANK5   BANK6   BANK7
      Params:         0       0       0       0       0       0       0       0       0
      Locals:         0       0       0       0       0       0       0       0       0
      Temps:          0       0       0       0       0       0       0       0       0
      Totals:         0       0       0       0       0       0       0       0       0
Total ram usage:        0 bytes
 Hardware stack levels used:    1
 Hardware stack levels required when called:    3
 This function calls:
		_MFRC522_AntennaOn
		_MFRC522_Reset
		_MFRC522_Wr
 This function is called by:
		_main
 This function uses a non-reentrant model


 *************** function _MFRC522_Reset *****************
 Defined at:
		line 366 in file "../RFIDlib.h"
 Parameters:    Size  Location     Type
		None
 Auto vars:     Size  Location     Type
		None
 Return value:  Size  Location     Type
                  1    wreg      void 
 Registers used:
		wreg, status,2, status,0, cstack
 Tracked objects:
		On entry : 
		On exit  : 
		Unchanged: 
 Data sizes:     COMRAM   BANK0   BANK1   BANK2   BANK3   BANK4   BANK5   BANK6   BANK7
      Params:         0       0       0       0       0       0       0       0       0
      Locals:         0       0       0       0       0       0       0       0       0
      Temps:          0       0       0       0       0       0       0       0       0
      Totals:         0       0       0       0       0       0       0       0       0
Total ram usage:        0 bytes
 Hardware stack levels used:    1
 Hardware stack levels required when called:    1
 This function calls:
		_MFRC522_Wr
 This function is called by:
		_MFRC522_Init
 This function uses a non-reentrant model


 *************** function _MFRC522_AntennaOn *****************
 Defined at:
		line 387 in file "../RFIDlib.h"
 Parameters:    Size  Location     Type
		None
 Auto vars:     Size  Location     Type
  stt             2   14[COMRAM] unsigned int 
 Return value:  Size  Location     Type
                  1    wreg      void 
 Registers used:
		wreg, status,2, status,0, cstack
 Tracked objects:
		On entry : 
		On exit  : 
		Unchanged: 
 Data sizes:     COMRAM   BANK0   BANK1   BANK2   BANK3   BANK4   BANK5   BANK6   BANK7
      Params:         0       0       0       0       0       0       0       0       0
      Locals:         2       0       0       0       0       0       0       0       0
      Temps:          0       0       0       0       0       0       0       0       0
      Totals:         2       0       0       0       0       0       0       0       0
Total ram usage:        2 bytes
 Hardware stack levels used:    1
 Hardware stack levels required when called:    2
 This function calls:
		_MFRC522_Rd
		_MFRC522_Set_Bit
 This function is called by:
		_MFRC522_Init
 This function uses a non-reentrant model


 *************** function _MFRC522_Set_Bit *****************
 Defined at:
		line 356 in file "../RFIDlib.h"
 Parameters:    Size  Location     Type
  addr            1    wreg     unsigned char 
  mask            1   10[COMRAM] unsigned char 
 Auto vars:     Size  Location     Type
  addr            1   13[COMRAM] unsigned char 
  tmp             2   11[COMRAM] unsigned int 
 Return value:  Size  Location     Type
                  1    wreg      void 
 Registers used:
		wreg, status,2, status,0, cstack
 Tracked objects:
		On entry : 
		On exit  : 
		Unchanged: 
 Data sizes:     COMRAM   BANK0   BANK1   BANK2   BANK3   BANK4   BANK5   BANK6   BANK7
      Params:         1       0       0       0       0       0       0       0       0
      Locals:         3       0       0       0       0       0       0       0       0
      Temps:          0       0       0       0       0       0       0       0       0
      Totals:         4       0       0       0       0       0       0       0       0
Total ram usage:        4 bytes
 Hardware stack levels used:    1
 Hardware stack levels required when called:    1
 This function calls:
		_MFRC522_Rd
		_MFRC522_Wr
 This function is called by:
		_MFRC522_AntennaOn
		_MFRC522_ToCard
		_MFRC522_CRC
 This function uses a non-reentrant model


 *************** function _MFRC522_Wr *****************
 Defined at:
		line 295 in file "../RFIDlib.h"
 Parameters:    Size  Location     Type
  Address         2    0[COMRAM] unsigned int 
  value           2    2[COMRAM] unsigned int 
 Auto vars:     Size  Location     Type
  i               2    8[COMRAM] unsigned int 
  ucAddr          2    6[COMRAM] unsigned int 
 Return value:  Size  Location     Type
                  1    wreg      void 
 Registers used:
		wreg, status,2, status,0
 Tracked objects:
		On entry : 
		On exit  : 
		Unchanged: 
 Data sizes:     COMRAM   BANK0   BANK1   BANK2   BANK3   BANK4   BANK5   BANK6   BANK7
      Params:         4       0       0       0       0       0       0       0       0
      Locals:         4       0       0       0       0       0       0       0       0
      Temps:          2       0       0       0       0       0       0       0       0
      Totals:        10       0       0       0       0       0       0       0       0
Total ram usage:       10 bytes
 Hardware stack levels used:    1
 This function calls:
		Nothing
 This function is called by:
		_MFRC522_Clear_Bit
		_MFRC522_Set_Bit
		_MFRC522_Reset
		_MFRC522_Init
		_MFRC522_ToCard
		_MFRC522_Request
		_MFRC522_AntiColl
		_MFRC522_CRC
 This function uses a non-reentrant model


 *************** function _MFRC522_Rd *****************
 Defined at:
		line 240 in file "../RFIDlib.h"
 Parameters:    Size  Location     Type
  Address         2    0[COMRAM] unsigned int 
 Auto vars:     Size  Location     Type
  i               2    8[COMRAM] unsigned int 
  ucResult        2    6[COMRAM] unsigned int 
  ucAddr          2    4[COMRAM] unsigned int 
 Return value:  Size  Location     Type
                  2    0[COMRAM] unsigned int 
 Registers used:
		wreg, status,2, status,0
 Tracked objects:
		On entry : 
		On exit  : 
		Unchanged: 
 Data sizes:     COMRAM   BANK0   BANK1   BANK2   BANK3   BANK4   BANK5   BANK6   BANK7
      Params:         2       0       0       0       0       0       0       0       0
      Locals:         6       0       0       0       0       0       0       0       0
      Temps:          2       0       0       0       0       0       0       0       0
      Totals:        10       0       0       0       0       0       0       0       0
Total ram usage:       10 bytes
 Hardware stack levels used:    1
 This function calls:
		Nothing
 This function is called by:
		_MFRC522_Clear_Bit
		_MFRC522_Set_Bit
		_MFRC522_AntennaOn
		_MFRC522_ToCard
		_MFRC522_CRC
		_MFRC522_Auth
 This function uses a non-reentrant model



MODULE INFORMATION

Module		Function		Class		Link	Load	Size
../main.c
		_main          		CODE           	0A44	0000	229
		_DelayFor18TCY 		CODE           	11F8	0000	9
		_inic_XLCD     		CODE           	10A4	0000	51
		_traduz        		CODE           	0E2E	0000	115
		_Mydelay       		CODE           	10D6	0000	51
		_DelayPORXLCD  		CODE           	11DC	0000	19

../main.c estimated size: 474

../mylcd.c
		_BusyXLCD      		CODE           	106A	0000	59
		_putsXLCD      		CODE           	0EFE	0000	93
		_WriteCmdXLCD  		CODE           	102C	0000	63
		_OpenXLCD      		CODE           	0BD0	0000	165
		_WriteDataXLCD 		CODE           	0FEE	0000	63
		_SetDDRamAddr  		CODE           	0F5A	0000	83

../mylcd.c estimated size: 526

../RFIDlib.h
		_MFRC522_Request		CODE           	0EA0	0000	95
		_MFRC522_ReadCardSerial		CODE           	113A	0000	45
		_MFRC522_Rd    		CODE           	0C74	0000	165
		_MFRC522_Wr    		CODE           	0D18	0000	145
		_MFRC522_Init  		CODE           	0DA8	0000	135
		_MFRC522_AntiColl		CODE           	0B28	0000	169
		_MFRC522_Reset 		CODE           	1166	0000	37
		_MFRC522_AntennaOn		CODE           	118A	0000	33
		_MFRC522_Clear_Bit		CODE           	0FAC	0000	67
		_MFRC522_ToCard		CODE           	080C	0000	569
		_MFRC522_isCard		CODE           	11AA	0000	29
		_MFRC522_Set_Bit		CODE           	1108	0000	51

../RFIDlib.h estimated size: 1540

shared
		__initialization		CODE           	11EE	0000	1

shared estimated size: 1

C:\Program Files (x86)\Microchip\xc8\v1.45\sources\pic18\d10ktcyx.c
		_Delay10KTCYx  		CODE           	11C6	0000	23

C:\Program Files (x86)\Microchip\xc8\v1.45\sources\pic18\d10ktcyx.c estimated size: 23

